Component: ARM Compiler 5.05 update 1 (build 106) Tool: armlink [4d0efa]

==============================================================================

Section Cross References

    startup_stm32f105xc.o(RESET) refers to startup_stm32f105xc.o(STACK) for __initial_sp
    startup_stm32f105xc.o(RESET) refers to startup_stm32f105xc.o(.text) for Reset_Handler
    startup_stm32f105xc.o(RESET) refers to stm32f1xx_it.o(i.NMI_Handler) for NMI_Handler
    startup_stm32f105xc.o(RESET) refers to stm32f1xx_it.o(i.HardFault_Handler) for HardFault_Handler
    startup_stm32f105xc.o(RESET) refers to stm32f1xx_it.o(i.MemManage_Handler) for MemManage_Handler
    startup_stm32f105xc.o(RESET) refers to stm32f1xx_it.o(i.BusFault_Handler) for BusFault_Handler
    startup_stm32f105xc.o(RESET) refers to stm32f1xx_it.o(i.UsageFault_Handler) for UsageFault_Handler
    startup_stm32f105xc.o(RESET) refers to port.o(.emb_text) for SVC_Handler
    startup_stm32f105xc.o(RESET) refers to stm32f1xx_it.o(i.DebugMon_Handler) for DebugMon_Handler
    startup_stm32f105xc.o(RESET) refers to stm32f1xx_it.o(i.SysTick_Handler) for SysTick_Handler
    startup_stm32f105xc.o(RESET) refers to stm32f1xx_it.o(i.DMA1_Channel3_IRQHandler) for DMA1_Channel3_IRQHandler
    startup_stm32f105xc.o(RESET) refers to stm32f1xx_it.o(i.CAN1_TX_IRQHandler) for CAN1_TX_IRQHandler
    startup_stm32f105xc.o(RESET) refers to stm32f1xx_it.o(i.CAN1_RX0_IRQHandler) for CAN1_RX0_IRQHandler
    startup_stm32f105xc.o(RESET) refers to stm32f1xx_it.o(i.USART3_IRQHandler) for USART3_IRQHandler
    startup_stm32f105xc.o(.text) refers to system_stm32f1xx.o(i.SystemInit) for SystemInit
    startup_stm32f105xc.o(.text) refers to entry.o(.ARM.Collect$$$$00000000) for __main
    bsp_can.o(i.CAN1_Send_Current) refers to stm32f1xx_hal_can.o(i.HAL_CAN_Transmit_IT) for HAL_CAN_Transmit_IT
    bsp_can.o(i.CAN1_Send_Current) refers to can.o(.bss) for hcan1
    bsp_can.o(i.CanFilter_Init) refers to stm32f1xx_hal_can.o(i.HAL_CAN_ConfigFilter) for HAL_CAN_ConfigFilter
    bsp_can.o(i.CanFilter_Init) refers to bsp_can.o(.bss) for .bss
    bsp_can.o(i.HAL_CAN_RxCpltCallback) refers to bsp_can.o(i.encoder_data_handle) for encoder_data_handle
    bsp_can.o(i.HAL_CAN_RxCpltCallback) refers to bsp_can.o(.bss) for .bss
    bsp_can.o(i.HAL_CAN_RxCpltCallback) refers to minorthread.o(.bss) for g_fps
    bsp_can.o(i.HAL_CAN_RxCpltCallback) refers to can.o(.bss) for hcan1
    bsp_can.o(i.can_receive_start) refers to bsp_can.o(i.CanFilter_Init) for CanFilter_Init
    bsp_can.o(i.can_receive_start) refers to can.o(.bss) for hcan1
    bsp_can.o(i.encoder_data_handle) refers to ffltui.o(.text) for __aeabi_ui2f
    bsp_can.o(i.encoder_data_handle) refers to fdiv.o(.text) for __aeabi_fdiv
    bsp_can.o(i.encoder_data_handle) refers to fflti.o(.text) for __aeabi_i2f
    bsp_can.o(i.send_can_ms) refers to stm32f1xx_hal_can.o(i.HAL_CAN_Transmit_IT) for HAL_CAN_Transmit_IT
    bsp_can.o(i.send_can_ms) refers to can.o(.bss) for hcan1
    bsp_can.o(i.send_can_ms) refers to bsp_can.o(.data) for .data
    bsp_uart.o(i.UART_RX_IDLE_IRQ) refers to stm32f1xx_hal_uart.o(i.HAL_UART_Receive_DMA) for HAL_UART_Receive_DMA
    bsp_uart.o(i.UART_RX_IDLE_IRQ) refers to usart.o(.bss) for huart3
    bsp_uart.o(i.UART_RX_IDLE_IRQ) refers to bsp_uart.o(.bss) for .bss
    bsp_uart.o(i.UART_RX_IDLE_IRQ) refers to bsp_uart.o(.data) for .data
    bsp_uart.o(i.uart3_device_init) refers to stm32f1xx_hal_dma.o(i.HAL_DMA_Start_IT) for HAL_DMA_Start_IT
    bsp_uart.o(i.uart3_device_init) refers to stm32f1xx_hal_uart.o(i.HAL_UART_Receive_DMA) for HAL_UART_Receive_DMA
    bsp_uart.o(i.uart3_device_init) refers to usart.o(.bss) for huart3
    bsp_uart.o(i.uart3_device_init) refers to bsp_uart.o(.bss) for .bss
    ano_dt.o(i.ANO_DT_Data_Exchange) refers to ano_dt.o(.data) for .data
    ano_dt.o(i.ANO_DT_Data_Exchange) refers to ano_dt.o(.bss) for .bss
    ano_dt.o(i.ANO_DT_Send_Data) refers to stm32f1xx_hal_uart.o(i.HAL_UART_Transmit) for HAL_UART_Transmit
    ano_dt.o(i.ANO_DT_Send_Data) refers to usart.o(.bss) for huart3
    ano_dt.o(i.ANO_DT_Send_MotoPWM) refers to ano_dt.o(i.ANO_DT_Send_Data) for ANO_DT_Send_Data
    ano_dt.o(i.ANO_DT_Send_MotoPWM) refers to ano_dt.o(.bss) for .bss
    ano_dt.o(i.ANO_DT_Send_PID) refers to fmul.o(.text) for __aeabi_fmul
    ano_dt.o(i.ANO_DT_Send_PID) refers to ffixi.o(.text) for __aeabi_f2iz
    ano_dt.o(i.ANO_DT_Send_PID) refers to ano_dt.o(i.ANO_DT_Send_Data) for ANO_DT_Send_Data
    ano_dt.o(i.ANO_DT_Send_PID) refers to ano_dt.o(.bss) for .bss
    ano_dt.o(i.ANO_DT_Send_Power) refers to ano_dt.o(i.ANO_DT_Send_Data) for ANO_DT_Send_Data
    ano_dt.o(i.ANO_DT_Send_Power) refers to ano_dt.o(.bss) for .bss
    ano_dt.o(i.ANO_DT_Send_RCData) refers to ano_dt.o(i.ANO_DT_Send_Data) for ANO_DT_Send_Data
    ano_dt.o(i.ANO_DT_Send_RCData) refers to ano_dt.o(.bss) for .bss
    ano_dt.o(i.ANO_DT_Send_Senser) refers to fmul.o(.text) for __aeabi_fmul
[...]
    ..\Drivers\STM32F1xx_HAL_Driver\Src\stm32f1xx_hal.c 0x00000000   Number         0  stm32f1xx_hal.o ABSOLUTE
    ..\Drivers\STM32F1xx_HAL_Driver\Src\stm32f1xx_hal_can.c 0x00000000   Number         0  stm32f1xx_hal_can.o ABSOLUTE
    ..\Drivers\STM32F1xx_HAL_Driver\Src\stm32f1xx_hal_cortex.c 0x00000000   Number         0  stm32f1xx_hal_cortex.o ABSOLUTE
    ..\Drivers\STM32F1xx_HAL_Driver\Src\stm32f1xx_hal_dma.c 0x00000000   Number         0  stm32f1xx_hal_dma.o ABSOLUTE
    ..\Drivers\STM32F1xx_HAL_Driver\Src\stm32f1xx_hal_flash.c 0x00000000   Number         0  stm32f1xx_hal_flash.o ABSOLUTE
    ..\Drivers\STM32F1xx_HAL_Driver\Src\stm32f1xx_hal_flash_ex.c 0x00000000   Number         0  stm32f1xx_hal_flash_ex.o ABSOLUTE
    ..\Drivers\STM32F1xx_HAL_Driver\Src\stm32f1xx_hal_gpio.c 0x00000000   Number         0  stm32f1xx_hal_gpio.o ABSOLUTE
    ..\Drivers\STM32F1xx_HAL_Driver\Src\stm32f1xx_hal_gpio_ex.c 0x00000000   Number         0  stm32f1xx_hal_gpio_ex.o ABSOLUTE
    ..\Drivers\STM32F1xx_HAL_Driver\Src\stm32f1xx_hal_pwr.c 0x00000000   Number         0  stm32f1xx_hal_pwr.o ABSOLUTE
    ..\Drivers\STM32F1xx_HAL_Driver\Src\stm32f1xx_hal_rcc.c 0x00000000   Number         0  stm32f1xx_hal_rcc.o ABSOLUTE
    ..\Drivers\STM32F1xx_HAL_Driver\Src\stm32f1xx_hal_rcc_ex.c 0x00000000   Number         0  stm32f1xx_hal_rcc_ex.o ABSOLUTE
    ..\Drivers\STM32F1xx_HAL_Driver\Src\stm32f1xx_hal_tim.c 0x00000000   Number         0  stm32f1xx_hal_tim.o ABSOLUTE
    ..\Drivers\STM32F1xx_HAL_Driver\Src\stm32f1xx_hal_tim_ex.c 0x00000000   Number         0  stm32f1xx_hal_tim_ex.o ABSOLUTE
    ..\Drivers\STM32F1xx_HAL_Driver\Src\stm32f1xx_hal_uart.c 0x00000000   Number         0  stm32f1xx_hal_uart.o ABSOLUTE
    ..\MainTasks\minorThread.c               0x00000000   Number         0  minorthread.o ABSOLUTE
    ..\Middlewares\Third_Party\FreeRTOS\Source\CMSIS_RTOS\cmsis_os.c 0x00000000   Number         0  cmsis_os.o ABSOLUTE
    ..\Middlewares\Third_Party\FreeRTOS\Source\portable\RVDS\ARM_CM3\port.c 0x00000000   Number         0  port.o ABSOLUTE
    ..\RmLib\CRC_Check.c                     0x00000000   Number         0  crc_check.o ABSOLUTE
    ..\RmLib\STMGood.c                       0x00000000   Number         0  stmgood.o ABSOLUTE
    ..\RmLib\ano_dt.c                        0x00000000   Number         0  ano_dt.o ABSOLUTE
    ..\RmLib\kalman_filter.c                 0x00000000   Number         0  kalman_filter.o ABSOLUTE
    ..\RmLib\pid.c                           0x00000000   Number         0  pid.o ABSOLUTE
    ..\RmLib\user_lib.c                      0x00000000   Number         0  user_lib.o ABSOLUTE
    ..\Src\can.c                             0x00000000   Number         0  can.o ABSOLUTE
    ..\Src\dma.c                             0x00000000   Number         0  dma.o ABSOLUTE
    ..\Src\freertos.c                        0x00000000   Number         0  freertos.o ABSOLUTE
    ..\Src\gpio.c                            0x00000000   Number         0  gpio.o ABSOLUTE
    ..\Src\main.c                            0x00000000   Number         0  main.o ABSOLUTE
    ..\Src\stm32f1xx_hal_msp.c               0x00000000   Number         0  stm32f1xx_hal_msp.o ABSOLUTE
    ..\Src\stm32f1xx_it.c                    0x00000000   Number         0  stm32f1xx_it.o ABSOLUTE
    ..\Src\sys.c                             0x00000000   Number         0  sys.o ABSOLUTE
    ..\Src\system_stm32f1xx.c                0x00000000   Number         0  system_stm32f1xx.o ABSOLUTE
    ..\Src\usart.c                           0x00000000   Number         0  usart.o ABSOLUTE
    ..\UserBsp\bsp_can.c                     0x00000000   Number         0  bsp_can.o ABSOLUTE
    ..\UserBsp\bsp_io.c                      0x00000000   Number         0  bsp_io.o ABSOLUTE
    ..\UserBsp\bsp_uart.c                    0x00000000   Number         0  bsp_uart.o ABSOLUTE
    ..\\MainTasks\\minorThread.c             0x00000000   Number         0  minorthread.o ABSOLUTE
    ..\\RmLib\\CRC_Check.c                   0x00000000   Number         0  crc_check.o ABSOLUTE
    ..\\RmLib\\STMGood.c                     0x00000000   Number         0  stmgood.o ABSOLUTE
    ..\\RmLib\\ano_dt.c                      0x00000000   Number         0  ano_dt.o ABSOLUTE
    ..\\RmLib\\pid.c                         0x00000000   Number         0  pid.o ABSOLUTE
    ..\\RmLib\\user_lib.c                    0x00000000   Number         0  user_lib.o ABSOLUTE
    ..\\UserBsp\\bsp_can.c                   0x00000000   Number         0  bsp_can.o ABSOLUTE
    ..\\UserBsp\\bsp_io.c                    0x00000000   Number         0  bsp_io.o ABSOLUTE
    ..\\UserBsp\\bsp_uart.c                  0x00000000   Number         0  bsp_uart.o ABSOLUTE
    cdrcmple.s                               0x00000000   Number         0  cdrcmple.o ABSOLUTE
    cfcmple.s                                0x00000000   Number         0  cfcmple.o ABSOLUTE
    cfrcmple.s                               0x00000000   Number         0  cfrcmple.o ABSOLUTE
    dc.s                                     0x00000000   Number         0  dc.o ABSOLUTE
    handlers.s                               0x00000000   Number         0  handlers.o ABSOLUTE
    init.s                                   0x00000000   Number         0  init.o ABSOLUTE
    startup_stm32f105xc.s                    0x00000000   Number         0  startup_stm32f105xc.o ABSOLUTE
    RESET                                    0x08000000   Section      336  startup_stm32f105xc.o(RESET)
    .ARM.Collect$$$$00000000                 0x08000150   Section        0  entry.o(.ARM.Collect$$$$00000000)
    .ARM.Collect$$$$00000001                 0x08000150   Section        4  entry2.o(.ARM.Collect$$$$00000001)
    .ARM.Collect$$$$00000004                 0x08000154   Section        4  entry5.o(.ARM.Collect$$$$00000004)
    .ARM.Collect$$$$00000008                 0x08000158   Section        0  entry7b.o(.ARM.Collect$$$$00000008)
    .ARM.Collect$$$$0000000A                 0x08000158   Section        0  entry8b.o(.ARM.Collect$$$$0000000A)
    .ARM.Collect$$$$0000000B                 0x08000158   Section        8  entry9a.o(.ARM.Collect$$$$0000000B)
    .ARM.Collect$$$$0000000D                 0x08000160   Section        0  entry10a.o(.ARM.Collect$$$$0000000D)
    .ARM.Collect$$$$0000000F                 0x08000160   Section        0  entry11a.o(.ARM.Collect$$$$0000000F)
    .ARM.Collect$$$$00002712                 0x08000160   Section        4  entry2.o(.ARM.Collect$$$$00002712)
    __lit__00000000                          0x08000160   Data           4  entry2.o(.ARM.Collect$$$$00002712)
    .emb_text                                0x08000164   Section      150  port.o(.emb_text)
    .text                                    0x080001fc   Section       36  startup_stm32f105xc.o(.text)
    .text                                    0x08000220   Section        0  uldiv.o(.text)
    .text                                    0x08000282   Section        0  llushr.o(.text)
    .text                                    0x080002a2   Section        0  memcpya.o(.text)
    .text                                    0x080002c6   Section        0  memseta.o(.text)
    .text                                    0x080002ea   Section        0  fdiv.o(.text)
    .text                                    0x08000366   Section        0  dadd.o(.text)
    .text                                    0x080004b4   Section        0  dmul.o(.text)
    .text                                    0x08000598   Section        0  ddiv.o(.text)
    .text                                    0x08000676   Section        0  fflti.o(.text)
    .text                                    0x08000688   Section        0  ffltui.o(.text)
    .text                                    0x08000692   Section        0  dflti.o(.text)
    .text                                    0x080006b4   Section        0  dfixi.o(.text)
    .text                                    0x080006f2   Section        0  f2d.o(.text)
    .text                                    0x08000718   Section        0  d2f.o(.text)
    .text                                    0x08000750   Section        0  uidiv.o(.text)
    .text                                    0x0800077c   Section        0  llshl.o(.text)
    .text                                    0x0800079a   Section        0  llsshr.o(.text)
    .text                                    0x080007be   Section        0  fepilogue.o(.text)
    .text                                    0x080007be   Section        0  iusefp.o(.text)
    .text                                    0x0800082c   Section        0  depilogue.o(.text)
    .text                                    0x080008e6   Section        0  dfixul.o(.text)
    .text                                    0x08000918   Section       48  cdrcmple.o(.text)
    .text                                    0x08000948   Section       36  init.o(.text)
    i.BusFault_Handler                       0x0800096c   Section        0  stm32f1xx_it.o(i.BusFault_Handler)
    i.CAN1_RX0_IRQHandler                    0x08000970   Section        0  stm32f1xx_it.o(i.CAN1_RX0_IRQHandler)
    i.CAN1_Send_Current                      0x0800097c   Section        0  bsp_can.o(i.CAN1_Send_Current)
    i.CAN1_TX_IRQHandler                     0x080009cc   Section        0  stm32f1xx_it.o(i.CAN1_TX_IRQHandler)
    i.CAN_Receive_IT                         0x080009d8   Section        0  stm32f1xx_hal_can.o(i.CAN_Receive_IT)
    CAN_Receive_IT                           0x080009d9   Thumb Code   294  stm32f1xx_hal_can.o(i.CAN_Receive_IT)
    i.CanFilter_Init                         0x08000b00   Section        0  bsp_can.o(i.CanFilter_Init)
    i.Command                                0x08000b34   Section        0  stmgood.o(i.Command)
    i.CompStr                                0x08000d4c   Section        0  stmgood.o(i.CompStr)
    i.CopyStr                                0x08000d7c   Section        0  stmgood.o(i.CopyStr)
    i.DMA1_Channel3_IRQHandler               0x08000d94   Section        0  stm32f1xx_it.o(i.DMA1_Channel3_IRQHandler)
    i.DMA_SetConfig                          0x08000dbc   Section        0  stm32f1xx_hal_dma.o(i.DMA_SetConfig)
    DMA_SetConfig                            0x08000dbd   Thumb Code    42  stm32f1xx_hal_dma.o(i.DMA_SetConfig)
    i.DealStr                                0x08000de8   Section        0  stmgood.o(i.DealStr)
    i.Dealdata                               0x08000e6c   Section        0  stmgood.o(i.Dealdata)
    i.DebugMon_Handler                       0x08000efc   Section        0  stm32f1xx_it.o(i.DebugMon_Handler)
    i.Error_Handler                          0x08000efe   Section        0  main.o(i.Error_Handler)
    i.FirstSpace                             0x08000f00   Section        0  stmgood.o(i.FirstSpace)
    i.HAL_CAN_ConfigFilter                   0x08000f18   Section        0  stm32f1xx_hal_can.o(i.HAL_CAN_ConfigFilter)
    i.HAL_CAN_ErrorCallback                  0x0800100a   Section        0  stm32f1xx_hal_can.o(i.HAL_CAN_ErrorCallback)
    i.HAL_CAN_IRQHandler                     0x0800100c   Section        0  stm32f1xx_hal_can.o(i.HAL_CAN_IRQHandler)
    i.HAL_CAN_Init                           0x08001240   Section        0  stm32f1xx_hal_can.o(i.HAL_CAN_Init)
    i.HAL_CAN_MspInit                        0x0800136c   Section        0  can.o(i.HAL_CAN_MspInit)
    i.HAL_CAN_RxCpltCallback                 0x080014a0   Section        0  bsp_can.o(i.HAL_CAN_RxCpltCallback)
    i.HAL_CAN_Transmit_IT                    0x08001510   Section        0  stm32f1xx_hal_can.o(i.HAL_CAN_Transmit_IT)
    i.HAL_CAN_TxCpltCallback                 0x08001634   Section        0  stm32f1xx_hal_can.o(i.HAL_CAN_TxCpltCallback)
    i.HAL_DMA_Abort_IT                       0x08001638   Section        0  stm32f1xx_hal_dma.o(i.HAL_DMA_Abort_IT)
    i.HAL_DMA_IRQHandler                     0x08001768   Section        0  stm32f1xx_hal_dma.o(i.HAL_DMA_IRQHandler)
    i.HAL_DMA_Init                           0x080019b0   Section        0  stm32f1xx_hal_dma.o(i.HAL_DMA_Init)
    i.HAL_DMA_Start_IT                       0x08001a34   Section        0  stm32f1xx_hal_dma.o(i.HAL_DMA_Start_IT)
    i.HAL_Delay                              0x08001aa4   Section        0  stm32f1xx_hal.o(i.HAL_Delay)
    i.HAL_GPIO_Init                          0x08001ac8   Section        0  stm32f1xx_hal_gpio.o(i.HAL_GPIO_Init)
    i.HAL_GPIO_TogglePin                     0x08001c84   Section        0  stm32f1xx_hal_gpio.o(i.HAL_GPIO_TogglePin)
    i.HAL_GPIO_WritePin                      0x08001c8c   Section        0  stm32f1xx_hal_gpio.o(i.HAL_GPIO_WritePin)
    i.HAL_GetTick                            0x08001c98   Section        0  stm32f1xx_hal.o(i.HAL_GetTick)
    i.HAL_IncTick                            0x08001ca4   Section        0  stm32f1xx_hal.o(i.HAL_IncTick)
    i.HAL_Init                               0x08001cb4   Section        0  stm32f1xx_hal.o(i.HAL_Init)
    i.HAL_InitTick                           0x08001cd8   Section        0  stm32f1xx_hal.o(i.HAL_InitTick)
    i.HAL_MspInit                            0x08001d18   Section        0  stm32f1xx_hal_msp.o(i.HAL_MspInit)
    i.HAL_NVIC_EnableIRQ                     0x08001d60   Section        0  stm32f1xx_hal_cortex.o(i.HAL_NVIC_EnableIRQ)
    i.HAL_NVIC_SetPriority                   0x08001d78   Section        0  stm32f1xx_hal_cortex.o(i.HAL_NVIC_SetPriority)
    i.HAL_NVIC_SetPriorityGrouping           0x08001db8   Section        0  stm32f1xx_hal_cortex.o(i.HAL_NVIC_SetPriorityGrouping)
    i.HAL_RCC_ClockConfig                    0x08001ddc   Section        0  stm32f1xx_hal_rcc.o(i.HAL_RCC_ClockConfig)
    i.HAL_RCC_GetPCLK1Freq                   0x08001f30   Section        0  stm32f1xx_hal_rcc.o(i.HAL_RCC_GetPCLK1Freq)
    i.HAL_RCC_GetPCLK2Freq                   0x08001f50   Section        0  stm32f1xx_hal_rcc.o(i.HAL_RCC_GetPCLK2Freq)
    i.HAL_RCC_GetSysClockFreq                0x08001f70   Section        0  stm32f1xx_hal_rcc.o(i.HAL_RCC_GetSysClockFreq)
    i.HAL_RCC_OscConfig                      0x08002034   Section        0  stm32f1xx_hal_rcc.o(i.HAL_RCC_OscConfig)
    i.HAL_SYSTICK_Config                     0x080023fc   Section        0  stm32f1xx_hal_cortex.o(i.HAL_SYSTICK_Config)
    i.HAL_UART_ErrorCallback                 0x08002424   Section        0  bsp_uart.o(i.HAL_UART_ErrorCallback)
    i.HAL_UART_IRQHandler                    0x08002438   Section        0  stm32f1xx_hal_uart.o(i.HAL_UART_IRQHandler)
    i.HAL_UART_Init                          0x08002548   Section        0  stm32f1xx_hal_uart.o(i.HAL_UART_Init)
    i.HAL_UART_MspInit                       0x080025ac   Section        0  usart.o(i.HAL_UART_MspInit)
    i.HAL_UART_Receive_DMA                   0x0800265c   Section        0  stm32f1xx_hal_uart.o(i.HAL_UART_Receive_DMA)
    i.HAL_UART_RxCpltCallback                0x080026f4   Section        0  stm32f1xx_hal_uart.o(i.HAL_UART_RxCpltCallback)
    i.HAL_UART_RxHalfCpltCallback            0x080026f6   Section        0  stm32f1xx_hal_uart.o(i.HAL_UART_RxHalfCpltCallback)
    i.HAL_UART_TxCpltCallback                0x080026f8   Section        0  stm32f1xx_hal_uart.o(i.HAL_UART_TxCpltCallback)
    i.HardFault_Handler                      0x080026fa   Section        0  stm32f1xx_it.o(i.HardFault_Handler)
    i.MX_CAN1_Init                           0x080026fc   Section        0  can.o(i.MX_CAN1_Init)
    i.MX_DMA_Init                            0x08002744   Section        0  dma.o(i.MX_DMA_Init)
    i.MX_FREERTOS_Init                       0x08002770   Section        0  freertos.o(i.MX_FREERTOS_Init)
    i.MX_GPIO_Init                           0x080027d8   Section        0  gpio.o(i.MX_GPIO_Init)
    i.MX_USART3_UART_Init                    0x080028a8   Section        0  usart.o(i.MX_USART3_UART_Init)
    i.MemManage_Handler                      0x080028e0   Section        0  stm32f1xx_it.o(i.MemManage_Handler)
    i.NMI_Handler                            0x080028e2   Section        0  stm32f1xx_it.o(i.NMI_Handler)
    i.NVIC_SetPriority                       0x080028e4   Section        0  stm32f1xx_hal_cortex.o(i.NVIC_SetPriority)
    NVIC_SetPriority                         0x080028e5   Thumb Code    32  stm32f1xx_hal_cortex.o(i.NVIC_SetPriority)
    i.SplitStr                               0x08002904   Section        0  stmgood.o(i.SplitStr)
    i.StrToFloat                             0x08002954   Section        0  stmgood.o(i.StrToFloat)
    i.Strlen                                 0x08002a64   Section        0  stmgood.o(i.Strlen)
    i.SubStr                                 0x08002a74   Section        0  stmgood.o(i.SubStr)
    i.SysTick_Handler                        0x08002a9c   Section        0  stm32f1xx_it.o(i.SysTick_Handler)
    i.SystemClock_Config                     0x08002ab4   Section        0  main.o(i.SystemClock_Config)
    i.SystemInit                             0x08002b0c   Section        0  system_stm32f1xx.o(i.SystemInit)
    i.UART_DMAAbortOnError                   0x08002b60   Section        0  stm32f1xx_hal_uart.o(i.UART_DMAAbortOnError)
    UART_DMAAbortOnError                     0x08002b61   Thumb Code    16  stm32f1xx_hal_uart.o(i.UART_DMAAbortOnError)
    i.UART_DMAError                          0x08002b70   Section        0  stm32f1xx_hal_uart.o(i.UART_DMAError)
    UART_DMAError                            0x08002b71   Thumb Code    74  stm32f1xx_hal_uart.o(i.UART_DMAError)
    i.UART_DMAReceiveCplt                    0x08002bba   Section        0  stm32f1xx_hal_uart.o(i.UART_DMAReceiveCplt)
    UART_DMAReceiveCplt                      0x08002bbb   Thumb Code    60  stm32f1xx_hal_uart.o(i.UART_DMAReceiveCplt)
    i.UART_DMARxHalfCplt                     0x08002bf6   Section        0  stm32f1xx_hal_uart.o(i.UART_DMARxHalfCplt)
    UART_DMARxHalfCplt                       0x08002bf7   Thumb Code    10  stm32f1xx_hal_uart.o(i.UART_DMARxHalfCplt)
    i.UART_EndRxTransfer                     0x08002c00   Section        0  stm32f1xx_hal_uart.o(i.UART_EndRxTransfer)
    UART_EndRxTransfer                       0x08002c01   Thumb Code    28  stm32f1xx_hal_uart.o(i.UART_EndRxTransfer)
    i.UART_EndTxTransfer                     0x08002c1c   Section        0  stm32f1xx_hal_uart.o(i.UART_EndTxTransfer)
    UART_EndTxTransfer                       0x08002c1d   Thumb Code    18  stm32f1xx_hal_uart.o(i.UART_EndTxTransfer)
    i.UART_RX_IDLE_IRQ                       0x08002c30   Section        0  bsp_uart.o(i.UART_RX_IDLE_IRQ)
    i.UART_Receive_IT                        0x08002c70   Section        0  stm32f1xx_hal_uart.o(i.UART_Receive_IT)
    UART_Receive_IT                          0x08002c71   Thumb Code   150  stm32f1xx_hal_uart.o(i.UART_Receive_IT)
    i.UART_SetConfig                         0x08002d08   Section        0  stm32f1xx_hal_uart.o(i.UART_SetConfig)
    UART_SetConfig                           0x08002d09   Thumb Code   364  stm32f1xx_hal_uart.o(i.UART_SetConfig)
    i.UART_Transmit_IT                       0x08002e78   Section        0  stm32f1xx_hal_uart.o(i.UART_Transmit_IT)
    UART_Transmit_IT                         0x08002e79   Thumb Code    98  stm32f1xx_hal_uart.o(i.UART_Transmit_IT)
    i.USART3_IRQHandler                      0x08002edc   Section        0  stm32f1xx_it.o(i.USART3_IRQHandler)
    i.UsageFault_Handler                     0x08002ef4   Section        0  stm32f1xx_it.o(i.UsageFault_Handler)
    i.__0printf                              0x08002ef8   Section        0  printfa.o(i.__0printf)
    i.__scatterload_copy                     0x08002f18   Section       14  handlers.o(i.__scatterload_copy)
    i.__scatterload_null                     0x08002f26   Section        2  handlers.o(i.__scatterload_null)
    i.__scatterload_zeroinit                 0x08002f28   Section       14  handlers.o(i.__scatterload_zeroinit)
    i._fp_digits                             0x08002f38   Section        0  printfa.o(i._fp_digits)
    _fp_digits                               0x08002f39   Thumb Code   334  printfa.o(i._fp_digits)
    i._printf_core                           0x0800309c   Section        0  printfa.o(i._printf_core)
    _printf_core                             0x0800309d   Thumb Code  1744  printfa.o(i._printf_core)
    i._printf_post_padding                   0x08003778   Section        0  printfa.o(i._printf_post_padding)
    _printf_post_padding                     0x08003779   Thumb Code    36  printfa.o(i._printf_post_padding)
    i._printf_pre_padding                    0x0800379c   Section        0  printfa.o(i._printf_pre_padding)
    _printf_pre_padding                      0x0800379d   Thumb Code    46  printfa.o(i._printf_pre_padding)
    i.can_receive_start                      0x080037cc   Section        0  bsp_can.o(i.can_receive_start)
    i.cmd                                    0x080037f0   Section        0  stmgood.o(i.cmd)
    i.debugThread                            0x08003928   Section        0  freertos.o(i.debugThread)
    i.encoder_data_handle                    0x080039e8   Section        0  bsp_can.o(i.encoder_data_handle)
    i.fputc                                  0x08003a5c   Section        0  bsp_uart.o(i.fputc)
    i.go1                                    0x08003a74   Section        0  stmgood.o(i.go1)
    i.inHandlerMode                          0x08003a84   Section        0  cmsis_os.o(i.inHandlerMode)
    inHandlerMode                            0x08003a85   Thumb Code    12  cmsis_os.o(i.inHandlerMode)
    i.main                                   0x08003a90   Section        0  main.o(i.main)
    i.mainThread                             0x08003ac2   Section        0  freertos.o(i.mainThread)
    i.makeFreeRtosPriority                   0x08003ace   Section        0  cmsis_os.o(i.makeFreeRtosPriority)
    makeFreeRtosPriority                     0x08003acf   Thumb Code    12  cmsis_os.o(i.makeFreeRtosPriority)
    i.minorThread                            0x08003adc   Section        0  minorthread.o(i.minorThread)
    i.module_offline_detect                  0x08003c1c   Section        0  minorthread.o(i.module_offline_detect)
    module_offline_detect                    0x08003c1d   Thumb Code    90  minorthread.o(i.module_offline_detect)
    i.multi1                                 0x08003c7c   Section        0  stmgood.o(i.multi1)
    i.multi2                                 0x08003d04   Section        0  stmgood.o(i.multi2)
    i.multi3                                 0x08003d8c   Section        0  stmgood.o(i.multi3)
    i.multi4                                 0x08003de8   Section        0  stmgood.o(i.multi4)
    i.osDelay                                0x08003e08   Section        0  cmsis_os.o(i.osDelay)
    i.osDelayUntil                           0x08003e16   Section        0  cmsis_os.o(i.osDelayUntil)
    i.osKernelStart                          0x08003e24   Section        0  cmsis_os.o(i.osKernelStart)
    i.osKernelSysTick                        0x08003e2e   Section        0  cmsis_os.o(i.osKernelSysTick)
    i.osThreadCreate                         0x08003e46   Section        0  cmsis_os.o(i.osThreadCreate)
    i.pidThread                              0x08003e9c   Section        0  freertos.o(i.pidThread)
    i.prvAddCurrentTaskToDelayedList         0x08003ecc   Section        0  tasks.o(i.prvAddCurrentTaskToDelayedList)
    prvAddCurrentTaskToDelayedList           0x08003ecd   Thumb Code   102  tasks.o(i.prvAddCurrentTaskToDelayedList)
    i.prvAddNewTaskToReadyList               0x08003f3c   Section        0  tasks.o(i.prvAddNewTaskToReadyList)
    prvAddNewTaskToReadyList                 0x08003f3d   Thumb Code   194  tasks.o(i.prvAddNewTaskToReadyList)
    i.prvCheckTasksWaitingTermination        0x0800400c   Section        0  tasks.o(i.prvCheckTasksWaitingTermination)
    prvCheckTasksWaitingTermination          0x0800400d   Thumb Code    70  tasks.o(i.prvCheckTasksWaitingTermination)
    i.prvDeleteTCB                           0x0800405c   Section        0  tasks.o(i.prvDeleteTCB)
    prvDeleteTCB                             0x0800405d   Thumb Code    52  tasks.o(i.prvDeleteTCB)
    i.prvHeapInit                            0x08004090   Section        0  heap_4.o(i.prvHeapInit)
    prvHeapInit                              0x08004091   Thumb Code    66  heap_4.o(i.prvHeapInit)
    i.prvIdleTask                            0x080040dc   Section        0  tasks.o(i.prvIdleTask)
    prvIdleTask                              0x080040dd   Thumb Code    30  tasks.o(i.prvIdleTask)
    i.prvInitialiseNewTask                   0x08004104   Section        0  tasks.o(i.prvInitialiseNewTask)
    prvInitialiseNewTask                     0x08004105   Thumb Code   142  tasks.o(i.prvInitialiseNewTask)
    i.prvInsertBlockIntoFreeList             0x08004194   Section        0  heap_4.o(i.prvInsertBlockIntoFreeList)
    prvInsertBlockIntoFreeList               0x08004195   Thumb Code    72  heap_4.o(i.prvInsertBlockIntoFreeList)
    i.prvResetNextTaskUnblockTime            0x080041e0   Section        0  tasks.o(i.prvResetNextTaskUnblockTime)
    prvResetNextTaskUnblockTime              0x080041e1   Thumb Code    26  tasks.o(i.prvResetNextTaskUnblockTime)
    i.prvTaskExitError                       0x08004200   Section        0  port.o(i.prvTaskExitError)
    prvTaskExitError                         0x08004201   Thumb Code    36  port.o(i.prvTaskExitError)
    i.pvPortMalloc                           0x08004228   Section        0  heap_4.o(i.pvPortMalloc)
    i.pxPortInitialiseStack                  0x08004300   Section        0  port.o(i.pxPortInitialiseStack)
    i.uart3_device_init                      0x08004324   Section        0  bsp_uart.o(i.uart3_device_init)
    i.uxListRemove                           0x0800436c   Section        0  list.o(i.uxListRemove)
    i.vApplicationGetIdleTaskMemory          0x08004390   Section        0  freertos.o(i.vApplicationGetIdleTaskMemory)
    i.vListInitialise                        0x080043a4   Section        0  list.o(i.vListInitialise)
    i.vListInitialiseItem                    0x080043ba   Section        0  list.o(i.vListInitialiseItem)
    i.vListInsert                            0x080043c0   Section        0  list.o(i.vListInsert)
    i.vListInsertEnd                         0x080043f0   Section        0  list.o(i.vListInsertEnd)
    i.vPortEnterCritical                     0x08004408   Section        0  port.o(i.vPortEnterCritical)
    i.vPortExitCritical                      0x08004448   Section        0  port.o(i.vPortExitCritical)
    i.vPortFree                              0x08004470   Section        0  heap_4.o(i.vPortFree)
    i.vPortSetupTimerInterrupt               0x080044cc   Section        0  port.o(i.vPortSetupTimerInterrupt)
    i.vPortValidateInterruptPriority         0x080044ec   Section        0  port.o(i.vPortValidateInterruptPriority)
    i.vTaskDelay                             0x08004540   Section        0  tasks.o(i.vTaskDelay)
    i.vTaskDelayUntil                        0x0800458c   Section        0  tasks.o(i.vTaskDelayUntil)
    i.vTaskStartScheduler                    0x08004618   Section        0  tasks.o(i.vTaskStartScheduler)
    i.vTaskSuspendAll                        0x08004684   Section        0  tasks.o(i.vTaskSuspendAll)
    i.vTaskSwitchContext                     0x08004694   Section        0  tasks.o(i.vTaskSwitchContext)
    i.xPortStartScheduler                    0x080046f0   Section        0  port.o(i.xPortStartScheduler)
    i.xPortSysTickHandler                    0x08004764   Section        0  port.o(i.xPortSysTickHandler)
    i.xTaskCreate                            0x08004790   Section        0  tasks.o(i.xTaskCreate)
    i.xTaskCreateStatic                      0x080047ea   Section        0  tasks.o(i.xTaskCreateStatic)
    i.xTaskGetSchedulerState                 0x0800483c   Section        0  tasks.o(i.xTaskGetSchedulerState)
    i.xTaskGetTickCount                      0x08004858   Section        0  tasks.o(i.xTaskGetTickCount)
    i.xTaskGetTickCountFromISR               0x08004864   Section        0  tasks.o(i.xTaskGetTickCountFromISR)
    i.xTaskIncrementTick                     0x08004874   Section        0  tasks.o(i.xTaskIncrementTick)
    i.xTaskResumeAll                         0x0800493c   Section        0  tasks.o(i.xTaskResumeAll)
    .constdata                               0x08004a00   Section      112  freertos.o(.constdata)
    .constdata                               0x08004a70   Section       16  system_stm32f1xx.o(.constdata)
    .constdata                               0x08004a80   Section        8  system_stm32f1xx.o(.constdata)
    .conststring                             0x08004a88   Section       48  freertos.o(.conststring)
    .data                                    0x20000000   Section        2  bsp_uart.o(.data)
    .data                                    0x20000004   Section       36  stmgood.o(.data)
    .data                                    0x20000028   Section       12  minorthread.o(.data)
    .data                                    0x20000034   Section        4  can.o(.data)
    HAL_RCC_CAN1_CLK_ENABLED                 0x20000034   Data           4  can.o(.data)
    .data                                    0x20000038   Section       16  freertos.o(.data)
    .data                                    0x20000048   Section        4  system_stm32f1xx.o(.data)
    .data                                    0x2000004c   Section       12  stm32f1xx_hal.o(.data)
    .data                                    0x20000058   Section       60  tasks.o(.data)
    uxDeletedTasksWaitingCleanUp             0x2000005c   Data           4  tasks.o(.data)
    uxCurrentNumberOfTasks                   0x20000060   Data           4  tasks.o(.data)
    xTickCount                               0x20000064   Data           4  tasks.o(.data)
    uxTopReadyPriority                       0x20000068   Data           4  tasks.o(.data)
    xSchedulerRunning                        0x2000006c   Data           4  tasks.o(.data)
    uxPendedTicks                            0x20000070   Data           4  tasks.o(.data)
    xYieldPending                            0x20000074   Data           4  tasks.o(.data)
    xNumOfOverflows                          0x20000078   Data           4  tasks.o(.data)
    uxTaskNumber                             0x2000007c   Data           4  tasks.o(.data)
    xNextTaskUnblockTime                     0x20000080   Data           4  tasks.o(.data)
    xIdleTaskHandle                          0x20000084   Data           4  tasks.o(.data)
    uxSchedulerSuspended                     0x20000088   Data           4  tasks.o(.data)
    pxDelayedTaskList                        0x2000008c   Data           4  tasks.o(.data)
    pxOverflowDelayedTaskList                0x20000090   Data           4  tasks.o(.data)
    .data                                    0x20000094   Section       24  heap_4.o(.data)
    pxEnd                                    0x20000094   Data           4  heap_4.o(.data)
    xFreeBytesRemaining                      0x20000098   Data           4  heap_4.o(.data)
    xMinimumEverFreeBytesRemaining           0x2000009c   Data           4  heap_4.o(.data)
    xBlockAllocatedBit                       0x200000a0   Data           4  heap_4.o(.data)
    xStart                                   0x200000a4   Data           8  heap_4.o(.data)
    .data                                    0x200000ac   Section       12  port.o(.data)
    ucMaxSysCallPriority                     0x200000ac   Data           1  port.o(.data)
    uxCriticalNesting                        0x200000b0   Data           4  port.o(.data)
    ulMaxPRIGROUPValue                       0x200000b4   Data           4  port.o(.data)
    .data                                    0x200000b8   Section        4  stdout.o(.data)
    .bss                                     0x200000bc   Section      160  bsp_can.o(.bss)
    .bss                                     0x2000015c   Section       50  bsp_uart.o(.bss)
    .bss                                     0x20000190   Section     1104  stmgood.o(.bss)
    .bss                                     0x200005e0   Section      200  minorthread.o(.bss)
    offline_dev                              0x20000668   Data          64  minorthread.o(.bss)
    .bss                                     0x200006a8   Section      136  can.o(.bss)
    .bss                                     0x20000730   Section      596  freertos.o(.bss)
    xIdleTaskTCBBuffer                       0x20000730   Data          84  freertos.o(.bss)
    xIdleStack                               0x20000784   Data         512  freertos.o(.bss)
    .bss                                     0x20000984   Section      132  usart.o(.bss)
    .bss                                     0x20000a08   Section      240  tasks.o(.bss)
    pxReadyTasksLists                        0x20000a08   Data         140  tasks.o(.bss)
    xDelayedTaskList1                        0x20000a94   Data          20  tasks.o(.bss)
    xDelayedTaskList2                        0x20000aa8   Data          20  tasks.o(.bss)
    xPendingReadyList                        0x20000abc   Data          20  tasks.o(.bss)
    xTasksWaitingTermination                 0x20000ad0   Data          20  tasks.o(.bss)
    xSuspendedTaskList                       0x20000ae4   Data          20  tasks.o(.bss)
    .bss                                     0x20000af8   Section     4096  heap_4.o(.bss)
    ucHeap                                   0x20000af8   Data        4096  heap_4.o(.bss)
    STACK                                    0x20001af8   Section     1024  startup_stm32f105xc.o(STACK)

    Global Symbols

    Symbol Name                              Value     Ov Type        Size  Object(Section)

    BuildAttributes$$THM_ISAv4$P$D$K$B$S$PE$A:L22UL41UL21$X:L11$S22US41US21$IEEE1$IW$USESV6$~STKCKD$USESV7$~SHL$OTIME$ROPI$EBA8$MICROLIB$REQ8$PRES8$EABIv2 0x00000000   Number         0  anon$$obj.o ABSOLUTE
    __ARM_use_no_argv                        0x00000000   Number         0  main.o ABSOLUTE
    _printf_a                                0x00000000   Number         0  stubs.o ABSOLUTE
    _printf_c                                0x00000000   Number         0  stubs.o ABSOLUTE
    _printf_charcount                        0x00000000   Number         0  stubs.o ABSOLUTE
    _printf_d                                0x00000000   Number         0  stubs.o ABSOLUTE
    _printf_e                                0x00000000   Number         0  stubs.o ABSOLUTE
    _printf_f                                0x00000000   Number         0  stubs.o ABSOLUTE
    _printf_flags                            0x00000000   Number         0  stubs.o ABSOLUTE
    _printf_fp_dec                           0x00000000   Number         0  stubs.o ABSOLUTE
    _printf_fp_hex                           0x00000000   Number         0  stubs.o ABSOLUTE
    _printf_g                                0x00000000   Number         0  stubs.o ABSOLUTE
    _printf_i                                0x00000000   Number         0  stubs.o ABSOLUTE
    _printf_int_dec                          0x00000000   Number         0  stubs.o ABSOLUTE
    _printf_l                                0x00000000   Number         0  stubs.o ABSOLUTE
    _printf_lc                               0x00000000   Number         0  stubs.o ABSOLUTE
    _printf_ll                               0x00000000   Number         0  stubs.o ABSOLUTE
    _printf_lld                              0x00000000   Number         0  stubs.o ABSOLUTE
    _printf_lli                              0x00000000   Number         0  stubs.o ABSOLUTE
    _printf_llo                              0x00000000   Number         0  stubs.o ABSOLUTE
    _printf_llu                              0x00000000   Number         0  stubs.o ABSOLUTE
    _printf_llx                              0x00000000   Number         0  stubs.o ABSOLUTE
    _printf_longlong_dec                     0x00000000   Number         0  stubs.o ABSOLUTE
    _printf_longlong_hex                     0x00000000   Number         0  stubs.o ABSOLUTE
    _printf_longlong_oct                     0x00000000   Number         0  stubs.o ABSOLUTE
    _printf_ls                               0x00000000   Number         0  stubs.o ABSOLUTE
    _printf_mbtowc                           0x00000000   Number         0  stubs.o ABSOLUTE
    _printf_n                                0x00000000   Number         0  stubs.o ABSOLUTE
    _printf_o                                0x00000000   Number         0  stubs.o ABSOLUTE
    _printf_p                                0x00000000   Number         0  stubs.o ABSOLUTE
    _printf_percent                          0x00000000   Number         0  stubs.o ABSOLUTE
    _printf_pre_padding                      0x00000000   Number         0  stubs.o ABSOLUTE
    _printf_return_value                     0x00000000   Number         0  stubs.o ABSOLUTE
    _printf_s                                0x00000000   Number         0  stubs.o ABSOLUTE
    _printf_sizespec                         0x00000000   Number         0  stubs.o ABSOLUTE
    _printf_str                              0x00000000   Number         0  stubs.o ABSOLUTE
    _printf_truncate_signed                  0x00000000   Number         0  stubs.o ABSOLUTE
    _printf_truncate_unsigned                0x00000000   Number         0  stubs.o ABSOLUTE
    _printf_u                                0x00000000   Number         0  stubs.o ABSOLUTE
    _printf_wc                               0x00000000   Number         0  stubs.o ABSOLUTE
    _printf_wctomb                           0x00000000   Number         0  stubs.o ABSOLUTE
    _printf_widthprec                        0x00000000   Number         0  stubs.o ABSOLUTE
    _printf_x                                0x00000000   Number         0  stubs.o ABSOLUTE
    __cpp_initialize__aeabi_                  - Undefined Weak Reference
    __cxa_finalize                            - Undefined Weak Reference
    __decompress                              - Undefined Weak Reference
    _clock_init                               - Undefined Weak Reference
    _microlib_exit                            - Undefined Weak Reference
    __Vectors_Size                           0x00000150   Number         0  startup_stm32f105xc.o ABSOLUTE
    __Vectors                                0x08000000   Data           4  startup_stm32f105xc.o(RESET)
    __Vectors_End                            0x08000150   Data           0  startup_stm32f105xc.o(RESET)
    __main                                   0x08000151   Thumb Code     0  entry.o(.ARM.Collect$$$$00000000)
    _main_stk                                0x08000151   Thumb Code     0  entry2.o(.ARM.Collect$$$$00000001)
    _main_scatterload                        0x08000155   Thumb Code     0  entry5.o(.ARM.Collect$$$$00000004)
    __main_after_scatterload                 0x08000159   Thumb Code     0  entry5.o(.ARM.Collect$$$$00000004)
    _main_clock                              0x08000159   Thumb Code     0  entry7b.o(.ARM.Collect$$$$00000008)
    _main_cpp_init                           0x08000159   Thumb Code     0  entry8b.o(.ARM.Collect$$$$0000000A)
    _main_init                               0x08000159   Thumb Code     0  entry9a.o(.ARM.Collect$$$$0000000B)
    __rt_final_cpp                           0x08000161   Thumb Code     0  entry10a.o(.ARM.Collect$$$$0000000D)
    __rt_final_exit                          0x08000161   Thumb Code     0  entry11a.o(.ARM.Collect$$$$0000000F)
    SVC_Handler                              0x08000165   Thumb Code    32  port.o(.emb_text)
    __asm___6_port_c_39a90d8d__prvStartFirstTask 0x08000189   Thumb Code    28  port.o(.emb_text)
    PendSV_Handler                           0x080001a9   Thumb Code    72  port.o(.emb_text)
    vPortGetIPSR                             0x080001f5   Thumb Code     6  port.o(.emb_text)
    Reset_Handler                            0x080001fd   Thumb Code     8  startup_stm32f105xc.o(.text)
    ADC1_2_IRQHandler                        0x08000217   Thumb Code     0  startup_stm32f105xc.o(.text)
    CAN1_RX1_IRQHandler                      0x08000217   Thumb Code     0  startup_stm32f105xc.o(.text)
    CAN1_SCE_IRQHandler                      0x08000217   Thumb Code     0  startup_stm32f105xc.o(.text)
    CAN2_RX0_IRQHandler                      0x08000217   Thumb Code     0  startup_stm32f105xc.o(.text)
    CAN2_RX1_IRQHandler                      0x08000217   Thumb Code     0  startup_stm32f105xc.o(.text)
    CAN2_SCE_IRQHandler                      0x08000217   Thumb Code     0  startup_stm32f105xc.o(.text)
    CAN2_TX_IRQHandler                       0x08000217   Thumb Code     0  startup_stm32f105xc.o(.text)
    DMA1_Channel1_IRQHandler                 0x08000217   Thumb Code     0  startup_stm32f105xc.o(.text)
    DMA1_Channel2_IRQHandler                 0x08000217   Thumb Code     0  startup_stm32f105xc.o(.text)
    DMA1_Channel4_IRQHandler                 0x08000217   Thumb Code     0  startup_stm32f105xc.o(.text)
    DMA1_Channel5_IRQHandler                 0x08000217   Thumb Code     0  startup_stm32f105xc.o(.text)
    DMA1_Channel6_IRQHandler                 0x08000217   Thumb Code     0  startup_stm32f105xc.o(.text)
    DMA1_Channel7_IRQHandler                 0x08000217   Thumb Code     0  startup_stm32f105xc.o(.text)
    DMA2_Channel1_IRQHandler                 0x08000217   Thumb Code     0  startup_stm32f105xc.o(.text)
    DMA2_Channel2_IRQHandler                 0x08000217   Thumb Code     0  startup_stm32f105xc.o(.text)
    DMA2_Channel3_IRQHandler                 0x08000217   Thumb Code     0  startup_stm32f105xc.o(.text)
    DMA2_Channel4_IRQHandler                 0x08000217   Thumb Code     0  startup_stm32f105xc.o(.text)
    DMA2_Channel5_IRQHandler                 0x08000217   Thumb Code     0  startup_stm32f105xc.o(.text)
    EXTI0_IRQHandler                         0x08000217   Thumb Code     0  startup_stm32f105xc.o(.text)
    EXTI15_10_IRQHandler                     0x08000217   Thumb Code     0  startup_stm32f105xc.o(.text)
    EXTI1_IRQHandler                         0x08000217   Thumb Code     0  startup_stm32f105xc.o(.text)
    EXTI2_IRQHandler                         0x08000217   Thumb Code     0  startup_stm32f105xc.o(.text)
    EXTI3_IRQHandler                         0x08000217   Thumb Code     0  startup_stm32f105xc.o(.text)
    EXTI4_IRQHandler                         0x08000217   Thumb Code     0  startup_stm32f105xc.o(.text)
    EXTI9_5_IRQHandler                       0x08000217   Thumb Code     0  startup_stm32f105xc.o(.text)
    FLASH_IRQHandler                         0x08000217   Thumb Code     0  startup_stm32f105xc.o(.text)
    I2C1_ER_IRQHandler                       0x08000217   Thumb Code     0  startup_stm32f105xc.o(.text)
    I2C1_EV_IRQHandler                       0x08000217   Thumb Code     0  startup_stm32f105xc.o(.text)
    I2C2_ER_IRQHandler                       0x08000217   Thumb Code     0  startup_stm32f105xc.o(.text)
    I2C2_EV_IRQHandler                       0x08000217   Thumb Code     0  startup_stm32f105xc.o(.text)
    OTG_FS_IRQHandler                        0x08000217   Thumb Code     0  startup_stm32f105xc.o(.text)
    OTG_FS_WKUP_IRQHandler                   0x08000217   Thumb Code     0  startup_stm32f105xc.o(.text)
    PVD_IRQHandler                           0x08000217   Thumb Code     0  startup_stm32f105xc.o(.text)
    RCC_IRQHandler                           0x08000217   Thumb Code     0  startup_stm32f105xc.o(.text)
    RTC_Alarm_IRQHandler                     0x08000217   Thumb Code     0  startup_stm32f105xc.o(.text)
    RTC_IRQHandler                           0x08000217   Thumb Code     0  startup_stm32f105xc.o(.text)
    SPI1_IRQHandler                          0x08000217   Thumb Code     0  startup_stm32f105xc.o(.text)
    SPI2_IRQHandler                          0x08000217   Thumb Code     0  startup_stm32f105xc.o(.text)
    SPI3_IRQHandler                          0x08000217   Thumb Code     0  startup_stm32f105xc.o(.text)
    TAMPER_IRQHandler                        0x08000217   Thumb Code     0  startup_stm32f105xc.o(.text)
    TIM1_BRK_IRQHandler                      0x08000217   Thumb Code     0  startup_stm32f105xc.o(.text)
    TIM1_CC_IRQHandler                       0x08000217   Thumb Code     0  startup_stm32f105xc.o(.text)
    TIM1_TRG_COM_IRQHandler                  0x08000217   Thumb Code     0  startup_stm32f105xc.o(.text)
    TIM1_UP_IRQHandler                       0x08000217   Thumb Code     0  startup_stm32f105xc.o(.text)
    TIM2_IRQHandler                          0x08000217   Thumb Code     0  startup_stm32f105xc.o(.text)
    TIM3_IRQHandler                          0x08000217   Thumb Code     0  startup_stm32f105xc.o(.text)
    TIM4_IRQHandler                          0x08000217   Thumb Code     0  startup_stm32f105xc.o(.text)
    TIM5_IRQHandler                          0x08000217   Thumb Code     0  startup_stm32f105xc.o(.text)
    TIM6_IRQHandler                          0x08000217   Thumb Code     0  startup_stm32f105xc.o(.text)
    TIM7_IRQHandler                          0x08000217   Thumb Code     0  startup_stm32f105xc.o(.text)
    UART4_IRQHandler                         0x08000217   Thumb Code     0  startup_stm32f105xc.o(.text)
    UART5_IRQHandler                         0x08000217   Thumb Code     0  startup_stm32f105xc.o(.text)
    USART1_IRQHandler                        0x08000217   Thumb Code     0  startup_stm32f105xc.o(.text)
    USART2_IRQHandler                        0x08000217   Thumb Code     0  startup_stm32f105xc.o(.text)
    WWDG_IRQHandler                          0x08000217   Thumb Code     0  startup_stm32f105xc.o(.text)
    __aeabi_uldivmod                         0x08000221   Thumb Code    98  uldiv.o(.text)
    __aeabi_llsr                             0x08000283   Thumb Code    32  llushr.o(.text)
    _ll_ushift_r                             0x08000283   Thumb Code     0  llushr.o(.text)
    __aeabi_memcpy                           0x080002a3   Thumb Code    36  memcpya.o(.text)
    __aeabi_memcpy4                          0x080002a3   Thumb Code     0  memcpya.o(.text)
    __aeabi_memcpy8                          0x080002a3   Thumb Code     0  memcpya.o(.text)
    __aeabi_memset                           0x080002c7   Thumb Code    14  memseta.o(.text)
    __aeabi_memset4                          0x080002c7   Thumb Code     0  memseta.o(.text)
    __aeabi_memset8                          0x080002c7   Thumb Code     0  memseta.o(.text)
    __aeabi_memclr                           0x080002d5   Thumb Code     4  memseta.o(.text)
    __aeabi_memclr4                          0x080002d5   Thumb Code     0  memseta.o(.text)
    __aeabi_memclr8                          0x080002d5   Thumb Code     0  memseta.o(.text)
    _memset$wrapper                          0x080002d9   Thumb Code    18  memseta.o(.text)
    __aeabi_fdiv                             0x080002eb   Thumb Code   124  fdiv.o(.text)
    __aeabi_dadd                             0x08000367   Thumb Code   322  dadd.o(.text)
    __aeabi_dsub                             0x080004a9   Thumb Code     6  dadd.o(.text)
    __aeabi_drsub                            0x080004af   Thumb Code     6  dadd.o(.text)
    __aeabi_dmul                             0x080004b5   Thumb Code   228  dmul.o(.text)
    __aeabi_ddiv                             0x08000599   Thumb Code   222  ddiv.o(.text)
    __aeabi_i2f                              0x08000677   Thumb Code    18  fflti.o(.text)
    __aeabi_ui2f                             0x08000689   Thumb Code    10  ffltui.o(.text)
    __aeabi_i2d                              0x08000693   Thumb Code    34  dflti.o(.text)
    __aeabi_d2iz                             0x080006b5   Thumb Code    62  dfixi.o(.text)
    __aeabi_f2d                              0x080006f3   Thumb Code    38  f2d.o(.text)
    __aeabi_d2f                              0x08000719   Thumb Code    56  d2f.o(.text)
    __aeabi_uidiv                            0x08000751   Thumb Code     0  uidiv.o(.text)
    __aeabi_uidivmod                         0x08000751   Thumb Code    44  uidiv.o(.text)
    __aeabi_llsl                             0x0800077d   Thumb Code    30  llshl.o(.text)
    _ll_shift_l                              0x0800077d   Thumb Code     0  llshl.o(.text)
    __aeabi_lasr                             0x0800079b   Thumb Code    36  llsshr.o(.text)
    _ll_sshift_r                             0x0800079b   Thumb Code     0  llsshr.o(.text)
    __I$use$fp                               0x080007bf   Thumb Code     0  iusefp.o(.text)
    _float_round                             0x080007bf   Thumb Code    18  fepilogue.o(.text)
    _float_epilogue                          0x080007d1   Thumb Code    92  fepilogue.o(.text)
    _double_round                            0x0800082d   Thumb Code    30  depilogue.o(.text)
    _double_epilogue                         0x0800084b   Thumb Code   156  depilogue.o(.text)
    __aeabi_d2ulz                            0x080008e7   Thumb Code    48  dfixul.o(.text)
    __aeabi_cdrcmple                         0x08000919   Thumb Code    48  cdrcmple.o(.text)
    __scatterload                            0x08000949   Thumb Code    28  init.o(.text)
    __scatterload_rt2                        0x08000949   Thumb Code     0  init.o(.text)
    BusFault_Handler                         0x0800096d   Thumb Code     2  stm32f1xx_it.o(i.BusFault_Handler)
    CAN1_RX0_IRQHandler                      0x08000971   Thumb Code     6  stm32f1xx_it.o(i.CAN1_RX0_IRQHandler)
    CAN1_Send_Current                        0x0800097d   Thumb Code    74  bsp_can.o(i.CAN1_Send_Current)
    CAN1_TX_IRQHandler                       0x080009cd   Thumb Code     6  stm32f1xx_it.o(i.CAN1_TX_IRQHandler)
    CanFilter_Init                           0x08000b01   Thumb Code    48  bsp_can.o(i.CanFilter_Init)
    Command                                  0x08000b35   Thumb Code   408  stmgood.o(i.Command)
    CompStr                                  0x08000d4d   Thumb Code    48  stmgood.o(i.CompStr)
    CopyStr                                  0x08000d7d   Thumb Code    22  stmgood.o(i.CopyStr)
    DMA1_Channel3_IRQHandler                 0x08000d95   Thumb Code    28  stm32f1xx_it.o(i.DMA1_Channel3_IRQHandler)
    DealStr                                  0x08000de9   Thumb Code   124  stmgood.o(i.DealStr)
    Dealdata                                 0x08000e6d   Thumb Code   134  stmgood.o(i.Dealdata)
    DebugMon_Handler                         0x08000efd   Thumb Code     2  stm32f1xx_it.o(i.DebugMon_Handler)
    Error_Handler                            0x08000eff   Thumb Code     2  main.o(i.Error_Handler)
    FirstSpace                               0x08000f01   Thumb Code    24  stmgood.o(i.FirstSpace)
    HAL_CAN_ConfigFilter                     0x08000f19   Thumb Code   242  stm32f1xx_hal_can.o(i.HAL_CAN_ConfigFilter)
    HAL_CAN_ErrorCallback                    0x0800100b   Thumb Code     2  stm32f1xx_hal_can.o(i.HAL_CAN_ErrorCallback)
    HAL_CAN_IRQHandler                       0x0800100d   Thumb Code   548  stm32f1xx_hal_can.o(i.HAL_CAN_IRQHandler)
    HAL_CAN_Init                             0x08001241   Thumb Code   300  stm32f1xx_hal_can.o(i.HAL_CAN_Init)
    HAL_CAN_MspInit                          0x0800136d   Thumb Code   282  can.o(i.HAL_CAN_MspInit)
    HAL_CAN_RxCpltCallback                   0x080014a1   Thumb Code    96  bsp_can.o(i.HAL_CAN_RxCpltCallback)
    HAL_CAN_Transmit_IT                      0x08001511   Thumb Code   292  stm32f1xx_hal_can.o(i.HAL_CAN_Transmit_IT)
    HAL_CAN_TxCpltCallback                   0x08001635   Thumb Code     2  stm32f1xx_hal_can.o(i.HAL_CAN_TxCpltCallback)
    HAL_DMA_Abort_IT                         0x08001639   Thumb Code   296  stm32f1xx_hal_dma.o(i.HAL_DMA_Abort_IT)
    HAL_DMA_IRQHandler                       0x08001769   Thumb Code   552  stm32f1xx_hal_dma.o(i.HAL_DMA_IRQHandler)
    HAL_DMA_Init                             0x080019b1   Thumb Code   120  stm32f1xx_hal_dma.o(i.HAL_DMA_Init)
    HAL_DMA_Start_IT                         0x08001a35   Thumb Code   112  stm32f1xx_hal_dma.o(i.HAL_DMA_Start_IT)
    HAL_Delay                                0x08001aa5   Thumb Code    32  stm32f1xx_hal.o(i.HAL_Delay)
    HAL_GPIO_Init                            0x08001ac9   Thumb Code   408  stm32f1xx_hal_gpio.o(i.HAL_GPIO_Init)
    HAL_GPIO_TogglePin                       0x08001c85   Thumb Code     8  stm32f1xx_hal_gpio.o(i.HAL_GPIO_TogglePin)
    HAL_GPIO_WritePin                        0x08001c8d   Thumb Code    10  stm32f1xx_hal_gpio.o(i.HAL_GPIO_WritePin)
    HAL_GetTick                              0x08001c99   Thumb Code     6  stm32f1xx_hal.o(i.HAL_GetTick)
    HAL_IncTick                              0x08001ca5   Thumb Code    12  stm32f1xx_hal.o(i.HAL_IncTick)
    HAL_Init                                 0x08001cb5   Thumb Code    32  stm32f1xx_hal.o(i.HAL_Init)
    HAL_InitTick                             0x08001cd9   Thumb Code    54  stm32f1xx_hal.o(i.HAL_InitTick)
    HAL_MspInit                              0x08001d19   Thumb Code    62  stm32f1xx_hal_msp.o(i.HAL_MspInit)
    HAL_NVIC_EnableIRQ                       0x08001d61   Thumb Code    22  stm32f1xx_hal_cortex.o(i.HAL_NVIC_EnableIRQ)
    HAL_NVIC_SetPriority                     0x08001d79   Thumb Code    60  stm32f1xx_hal_cortex.o(i.HAL_NVIC_SetPriority)
    HAL_NVIC_SetPriorityGrouping             0x08001db9   Thumb Code    26  stm32f1xx_hal_cortex.o(i.HAL_NVIC_SetPriorityGrouping)
    HAL_RCC_ClockConfig                      0x08001ddd   Thumb Code   322  stm32f1xx_hal_rcc.o(i.HAL_RCC_ClockConfig)
    HAL_RCC_GetPCLK1Freq                     0x08001f31   Thumb Code    20  stm32f1xx_hal_rcc.o(i.HAL_RCC_GetPCLK1Freq)
    HAL_RCC_GetPCLK2Freq                     0x08001f51   Thumb Code    20  stm32f1xx_hal_rcc.o(i.HAL_RCC_GetPCLK2Freq)
    HAL_RCC_GetSysClockFreq                  0x08001f71   Thumb Code   148  stm32f1xx_hal_rcc.o(i.HAL_RCC_GetSysClockFreq)
    HAL_RCC_OscConfig                        0x08002035   Thumb Code   946  stm32f1xx_hal_rcc.o(i.HAL_RCC_OscConfig)
    HAL_SYSTICK_Config                       0x080023fd   Thumb Code    40  stm32f1xx_hal_cortex.o(i.HAL_SYSTICK_Config)
    HAL_UART_ErrorCallback                   0x08002425   Thumb Code    18  bsp_uart.o(i.HAL_UART_ErrorCallback)
    HAL_UART_IRQHandler                      0x08002439   Thumb Code   266  stm32f1xx_hal_uart.o(i.HAL_UART_IRQHandler)
    HAL_UART_Init                            0x08002549   Thumb Code    98  stm32f1xx_hal_uart.o(i.HAL_UART_Init)
    HAL_UART_MspInit                         0x080025ad   Thumb Code   156  usart.o(i.HAL_UART_MspInit)
    HAL_UART_Receive_DMA                     0x0800265d   Thumb Code   138  stm32f1xx_hal_uart.o(i.HAL_UART_Receive_DMA)
    HAL_UART_RxCpltCallback                  0x080026f5   Thumb Code     2  stm32f1xx_hal_uart.o(i.HAL_UART_RxCpltCallback)
    HAL_UART_RxHalfCpltCallback              0x080026f7   Thumb Code     2  stm32f1xx_hal_uart.o(i.HAL_UART_RxHalfCpltCallback)
    HAL_UART_TxCpltCallback                  0x080026f9   Thumb Code     2  stm32f1xx_hal_uart.o(i.HAL_UART_TxCpltCallback)
    HardFault_Handler                        0x080026fb   Thumb Code     2  stm32f1xx_it.o(i.HardFault_Handler)
    MX_CAN1_Init                             0x080026fd   Thumb Code    62  can.o(i.MX_CAN1_Init)
    MX_DMA_Init                              0x08002745   Thumb Code    40  dma.o(i.MX_DMA_Init)
    MX_FREERTOS_Init                         0x08002771   Thumb Code    96  freertos.o(i.MX_FREERTOS_Init)
    MX_GPIO_Init                             0x080027d9   Thumb Code   190  gpio.o(i.MX_GPIO_Init)
    MX_USART3_UART_Init                      0x080028a9   Thumb Code    48  usart.o(i.MX_USART3_UART_Init)
    MemManage_Handler                        0x080028e1   Thumb Code     2  stm32f1xx_it.o(i.MemManage_Handler)
    NMI_Handler                              0x080028e3   Thumb Code     2  stm32f1xx_it.o(i.NMI_Handler)
    SplitStr                                 0x08002905   Thumb Code    80  stmgood.o(i.SplitStr)
    StrToFloat                               0x08002955   Thumb Code   258  stmgood.o(i.StrToFloat)
    Strlen                                   0x08002a65   Thumb Code    16  stmgood.o(i.Strlen)
    SubStr                                   0x08002a75   Thumb Code    34  stmgood.o(i.SubStr)
    SysTick_Handler                          0x08002a9d   Thumb Code    24  stm32f1xx_it.o(i.SysTick_Handler)
    SystemClock_Config                       0x08002ab5   Thumb Code    84  main.o(i.SystemClock_Config)
    SystemInit                               0x08002b0d   Thumb Code    68  system_stm32f1xx.o(i.SystemInit)
    UART_RX_IDLE_IRQ                         0x08002c31   Thumb Code    48  bsp_uart.o(i.UART_RX_IDLE_IRQ)
    USART3_IRQHandler                        0x08002edd   Thumb Code    18  stm32f1xx_it.o(i.USART3_IRQHandler)
    UsageFault_Handler                       0x08002ef5   Thumb Code     2  stm32f1xx_it.o(i.UsageFault_Handler)
    __0printf                                0x08002ef9   Thumb Code    22  printfa.o(i.__0printf)
    __1printf                                0x08002ef9   Thumb Code     0  printfa.o(i.__0printf)
    __2printf                                0x08002ef9   Thumb Code     0  printfa.o(i.__0printf)
    __c89printf                              0x08002ef9   Thumb Code     0  printfa.o(i.__0printf)
    printf                                   0x08002ef9   Thumb Code     0  printfa.o(i.__0printf)
    __scatterload_copy                       0x08002f19   Thumb Code    14  handlers.o(i.__scatterload_copy)
    __scatterload_null                       0x08002f27   Thumb Code     2  handlers.o(i.__scatterload_null)
    __scatterload_zeroinit                   0x08002f29   Thumb Code    14  handlers.o(i.__scatterload_zeroinit)
    can_receive_start                        0x080037cd   Thumb Code    32  bsp_can.o(i.can_receive_start)
    cmd                                      0x080037f1   Thumb Code   256  stmgood.o(i.cmd)
    debugThread                              0x08003929   Thumb Code    56  freertos.o(i.debugThread)
    encoder_data_handle                      0x080039e9   Thumb Code   112  bsp_can.o(i.encoder_data_handle)
    fputc                                    0x08003a5d   Thumb Code    18  bsp_uart.o(i.fputc)
    go1                                      0x08003a75   Thumb Code     6  stmgood.o(i.go1)
    main                                     0x08003a91   Thumb Code    50  main.o(i.main)
    mainThread                               0x08003ac3   Thumb Code    12  freertos.o(i.mainThread)
    minorThread                              0x08003add   Thumb Code   212  minorthread.o(i.minorThread)
    multi1                                   0x08003c7d   Thumb Code    88  stmgood.o(i.multi1)
    multi2                                   0x08003d05   Thumb Code    88  stmgood.o(i.multi2)
    multi3                                   0x08003d8d   Thumb Code    42  stmgood.o(i.multi3)
    multi4                                   0x08003de9   Thumb Code    22  stmgood.o(i.multi4)
    osDelay                                  0x08003e09   Thumb Code    14  cmsis_os.o(i.osDelay)
    osDelayUntil                             0x08003e17   Thumb Code    14  cmsis_os.o(i.osDelayUntil)
    osKernelStart                            0x08003e25   Thumb Code    10  cmsis_os.o(i.osKernelStart)
    osKernelSysTick                          0x08003e2f   Thumb Code    24  cmsis_os.o(i.osKernelSysTick)
    osThreadCreate                           0x08003e47   Thumb Code    84  cmsis_os.o(i.osThreadCreate)
    pidThread                                0x08003e9d   Thumb Code    42  freertos.o(i.pidThread)
    pvPortMalloc                             0x08004229   Thumb Code   210  heap_4.o(i.pvPortMalloc)
    pxPortInitialiseStack                    0x08004301   Thumb Code    32  port.o(i.pxPortInitialiseStack)
    uart3_device_init                        0x08004325   Thumb Code    60  bsp_uart.o(i.uart3_device_init)
    uxListRemove                             0x0800436d   Thumb Code    36  list.o(i.uxListRemove)
    vApplicationGetIdleTaskMemory            0x08004391   Thumb Code    16  freertos.o(i.vApplicationGetIdleTaskMemory)
    vListInitialise                          0x080043a5   Thumb Code    22  list.o(i.vListInitialise)
    vListInitialiseItem                      0x080043bb   Thumb Code     6  list.o(i.vListInitialiseItem)
    vListInsert                              0x080043c1   Thumb Code    48  list.o(i.vListInsert)
    vListInsertEnd                           0x080043f1   Thumb Code    24  list.o(i.vListInsertEnd)
    vPortEnterCritical                       0x08004409   Thumb Code    54  port.o(i.vPortEnterCritical)
    vPortExitCritical                        0x08004449   Thumb Code    34  port.o(i.vPortExitCritical)
    vPortFree                                0x08004471   Thumb Code    88  heap_4.o(i.vPortFree)
    vPortSetupTimerInterrupt                 0x080044cd   Thumb Code    26  port.o(i.vPortSetupTimerInterrupt)
    vPortValidateInterruptPriority           0x080044ed   Thumb Code    74  port.o(i.vPortValidateInterruptPriority)
    vTaskDelay                               0x08004541   Thumb Code    66  tasks.o(i.vTaskDelay)
    vTaskDelayUntil                          0x0800458d   Thumb Code   132  tasks.o(i.vTaskDelayUntil)
    vTaskStartScheduler                      0x08004619   Thumb Code    90  tasks.o(i.vTaskStartScheduler)
    vTaskSuspendAll                          0x08004685   Thumb Code    10  tasks.o(i.vTaskSuspendAll)
    vTaskSwitchContext                       0x08004695   Thumb Code    82  tasks.o(i.vTaskSwitchContext)
    xPortStartScheduler                      0x080046f1   Thumb Code   102  port.o(i.xPortStartScheduler)
    xPortSysTickHandler                      0x08004765   Thumb Code    38  port.o(i.xPortSysTickHandler)
    xTaskCreate                              0x08004791   Thumb Code    90  tasks.o(i.xTaskCreate)
    xTaskCreateStatic                        0x080047eb   Thumb Code    82  tasks.o(i.xTaskCreateStatic)
    xTaskGetSchedulerState                   0x0800483d   Thumb Code    22  tasks.o(i.xTaskGetSchedulerState)
    xTaskGetTickCount                        0x08004859   Thumb Code     6  tasks.o(i.xTaskGetTickCount)
    xTaskGetTickCountFromISR                 0x08004865   Thumb Code    12  tasks.o(i.xTaskGetTickCountFromISR)
    xTaskIncrementTick                       0x08004875   Thumb Code   192  tasks.o(i.xTaskIncrementTick)
    xTaskResumeAll                           0x0800493d   Thumb Code   182  tasks.o(i.xTaskResumeAll)
    AHBPrescTable                            0x08004a70   Data          16  system_stm32f1xx.o(.constdata)
    APBPrescTable                            0x08004a80   Data           8  system_stm32f1xx.o(.constdata)
    Region$$Table$$Base                      0x08004ab8   Number         0  anon$$obj.o(Region$$Table)
    Region$$Table$$Limit                     0x08004ad8   Number         0  anon$$obj.o(Region$$Table)
    uartCnt                                  0x20000000   Data           2  bsp_uart.o(.data)
    Count                                    0x20000004   Data           1  stmgood.o(.data)
    _kp                                      0x20000008   Data           4  stmgood.o(.data)
    _ki                                      0x2000000c   Data           4  stmgood.o(.data)
    _kd                                      0x20000010   Data           4  stmgood.o(.data)
    _kkp                                     0x20000014   Data           4  stmgood.o(.data)
    _kki                                     0x20000018   Data           4  stmgood.o(.data)
    _kkd                                     0x2000001c   Data           4  stmgood.o(.data)
    maxout1                                  0x20000020   Data           4  stmgood.o(.data)
    maxout2                                  0x20000024   Data           4  stmgood.o(.data)
    canFlag                                  0x20000028   Data           1  minorthread.o(.data)
    detect_time_last                         0x2000002c   Data           4  minorthread.o(.data)
    detect_time_ms                           0x20000030   Data           4  minorthread.o(.data)
    defaultTaskHandle                        0x20000038   Data           4  freertos.o(.data)
    PidThreadHandle                          0x2000003c   Data           4  freertos.o(.data)
    MainTaskHandle                           0x20000040   Data           4  freertos.o(.data)
    MinorTakHandle                           0x20000044   Data           4  freertos.o(.data)
    SystemCoreClock                          0x20000048   Data           4  system_stm32f1xx.o(.data)
    uwTickFreq                               0x2000004c   Data           1  stm32f1xx_hal.o(.data)
    uwTickPrio                               0x20000050   Data           4  stm32f1xx_hal.o(.data)
    uwTick                                   0x20000054   Data           4  stm32f1xx_hal.o(.data)
    pxCurrentTCB                             0x20000058   Data           4  tasks.o(.data)
    __stdout                                 0x200000b8   Data           4  stdout.o(.data)
    can1_tx                                  0x200000bc   Data          28  bsp_can.o(.bss)
    can1_rx                                  0x200000d8   Data          36  bsp_can.o(.bss)
    MotoData                                 0x200000fc   Data          96  bsp_can.o(.bss)
    uart3_buff                               0x2000015c   Data          50  bsp_uart.o(.bss)
    Cmd1                                     0x20000190   Data          20  stmgood.o(.bss)
    Cmd2                                     0x200001a4   Data          80  stmgood.o(.bss)
    Data                                     0x200001f4   Data         100  stmgood.o(.bss)
    Str1                                     0x20000258   Data         100  stmgood.o(.bss)
    xx                                       0x200002c0   Data         800  stmgood.o(.bss)
    g_err                                    0x200005e0   Data         104  minorthread.o(.bss)
    g_fps                                    0x20000648   Data          30  minorthread.o(.bss)
    hcan1                                    0x200006a8   Data          68  can.o(.bss)
    hcan2                                    0x200006ec   Data          68  can.o(.bss)
    huart3                                   0x20000984   Data          64  usart.o(.bss)
    hdma_usart3_rx                           0x200009c4   Data          68  usart.o(.bss)
    __initial_sp                             0x20001ef8   Data           0  startup_stm32f105xc.o(STACK)



==============================================================================

Memory Map of the image

  Image Entry point : 0x08000151

  Load Region LR_IROM1 (Base: 0x08000000, Size: 0x00004b94, Max: 0x00010000, ABSOLUTE)

    Execution Region ER_IROM1 (Base: 0x08000000, Size: 0x00004ad8, Max: 0x00010000, ABSOLUTE)

    Base Addr    Size         Type   Attr      Idx    E Section Name        Object

    0x08000000   0x00000150   Data   RO            3    RESET               startup_stm32f105xc.o
    0x08000150   0x00000000   Code   RO         4072  * .ARM.Collect$$$$00000000  mc_w.l(entry.o)
    0x08000150   0x00000004   Code   RO         4378    .ARM.Collect$$$$00000001  mc_w.l(entry2.o)
    0x08000154   0x00000004   Code   RO         4381    .ARM.Collect$$$$00000004  mc_w.l(entry5.o)
    0x08000158   0x00000000   Code   RO         4383    .ARM.Collect$$$$00000008  mc_w.l(entry7b.o)
    0x08000158   0x00000000   Code   RO         4385    .ARM.Collect$$$$0000000A  mc_w.l(entry8b.o)
    0x08000158   0x00000008   Code   RO         4386    .ARM.Collect$$$$0000000B  mc_w.l(entry9a.o)
    0x08000160   0x00000000   Code   RO         4388    .ARM.Collect$$$$0000000D  mc_w.l(entry10a.o)
    0x08000160   0x00000000   Code   RO         4390    .ARM.Collect$$$$0000000F  mc_w.l(entry11a.o)
    0x08000160   0x00000004   Code   RO         4379    .ARM.Collect$$$$00002712  mc_w.l(entry2.o)
    0x08000164   0x00000096   Code   RO         3995    .emb_text           port.o
    0x080001fa   0x00000002   PAD
    0x080001fc   0x00000024   Code   RO            4    .text               startup_stm32f105xc.o
    0x08000220   0x00000062   Code   RO         4075    .text               mc_w.l(uldiv.o)
    0x08000282   0x00000020   Code   RO         4077    .text               mc_w.l(llushr.o)
    0x080002a2   0x00000024   Code   RO         4079    .text               mc_w.l(memcpya.o)
    0x080002c6   0x00000024   Code   RO         4081    .text               mc_w.l(memseta.o)
    0x080002ea   0x0000007c   Code   RO         4350    .text               mf_w.l(fdiv.o)
    0x08000366   0x0000014e   Code   RO         4354    .text               mf_w.l(dadd.o)
    0x080004b4   0x000000e4   Code   RO         4356    .text               mf_w.l(dmul.o)
    0x08000598   0x000000de   Code   RO         4358    .text               mf_w.l(ddiv.o)
    0x08000676   0x00000012   Code   RO         4360    .text               mf_w.l(fflti.o)
    0x08000688   0x0000000a   Code   RO         4362    .text               mf_w.l(ffltui.o)
    0x08000692   0x00000022   Code   RO         4364    .text               mf_w.l(dflti.o)
    0x080006b4   0x0000003e   Code   RO         4368    .text               mf_w.l(dfixi.o)
    0x080006f2   0x00000026   Code   RO         4370    .text               mf_w.l(f2d.o)
    0x08000718   0x00000038   Code   RO         4372    .text               mf_w.l(d2f.o)
    0x08000750   0x0000002c   Code   RO         4393    .text               mc_w.l(uidiv.o)
    0x0800077c   0x0000001e   Code   RO         4395    .text               mc_w.l(llshl.o)
    0x0800079a   0x00000024   Code   RO         4397    .text               mc_w.l(llsshr.o)
    0x080007be   0x00000000   Code   RO         4399    .text               mc_w.l(iusefp.o)
    0x080007be   0x0000006e   Code   RO         4400    .text               mf_w.l(fepilogue.o)
    0x0800082c   0x000000ba   Code   RO         4402    .text               mf_w.l(depilogue.o)
    0x080008e6   0x00000030   Code   RO         4404    .text               mf_w.l(dfixul.o)
    0x08000916   0x00000002   PAD
    0x08000918   0x00000030   Code   RO         4406    .text               mf_w.l(cdrcmple.o)
    0x08000948   0x00000024   Code   RO         4408    .text               mc_w.l(init.o)
    0x0800096c   0x00000002   Code   RO         1375    i.BusFault_Handler  stm32f1xx_it.o
    0x0800096e   0x00000002   PAD
    0x08000970   0x0000000c   Code   RO         1376    i.CAN1_RX0_IRQHandler  stm32f1xx_it.o
    0x0800097c   0x00000050   Code   RO           13    i.CAN1_Send_Current  bsp_can.o
    0x080009cc   0x0000000c   Code   RO         1377    i.CAN1_TX_IRQHandler  stm32f1xx_it.o
    0x080009d8   0x00000126   Code   RO         1561    i.CAN_Receive_IT    stm32f1xx_hal_can.o
    0x08000afe   0x00000002   PAD
    0x08000b00   0x00000034   Code   RO           14    i.CanFilter_Init    bsp_can.o
    0x08000b34   0x00000218   Code   RO          549    i.Command           stmgood.o
    0x08000d4c   0x00000030   Code   RO          550    i.CompStr           stmgood.o
    0x08000d7c   0x00000016   Code   RO          551    i.CopyStr           stmgood.o
    0x08000d92   0x00000002   PAD
    0x08000d94   0x00000028   Code   RO         1378    i.DMA1_Channel3_IRQHandler  stm32f1xx_it.o
    0x08000dbc   0x0000002a   Code   RO         2073    i.DMA_SetConfig     stm32f1xx_hal_dma.o
    0x08000de6   0x00000002   PAD
    0x08000de8   0x00000084   Code   RO          552    i.DealStr           stmgood.o
    0x08000e6c   0x00000090   Code   RO          553    i.Dealdata          stmgood.o
    0x08000efc   0x00000002   Code   RO         1379    i.DebugMon_Handler  stm32f1xx_it.o
    0x08000efe   0x00000002   Code   RO         1091    i.Error_Handler     main.o
    0x08000f00   0x00000018   Code   RO          554    i.FirstSpace        stmgood.o
    0x08000f18   0x000000f2   Code   RO         1562    i.HAL_CAN_ConfigFilter  stm32f1xx_hal_can.o
    0x0800100a   0x00000002   Code   RO         1564    i.HAL_CAN_ErrorCallback  stm32f1xx_hal_can.o
    0x0800100c   0x00000234   Code   RO         1567    i.HAL_CAN_IRQHandler  stm32f1xx_hal_can.o
    0x08001240   0x0000012c   Code   RO         1568    i.HAL_CAN_Init      stm32f1xx_hal_can.o
    0x0800136c   0x00000134   Code   RO         1155    i.HAL_CAN_MspInit   can.o
    0x080014a0   0x00000070   Code   RO           15    i.HAL_CAN_RxCpltCallback  bsp_can.o
    0x08001510   0x00000124   Code   RO         1576    i.HAL_CAN_Transmit_IT  stm32f1xx_hal_can.o
    0x08001634   0x00000002   Code   RO         1577    i.HAL_CAN_TxCpltCallback  stm32f1xx_hal_can.o
    0x08001636   0x00000002   PAD
    0x08001638   0x00000130   Code   RO         2075    i.HAL_DMA_Abort_IT  stm32f1xx_hal_dma.o
    0x08001768   0x00000248   Code   RO         2079    i.HAL_DMA_IRQHandler  stm32f1xx_hal_dma.o
    0x080019b0   0x00000084   Code   RO         2080    i.HAL_DMA_Init      stm32f1xx_hal_dma.o
    0x08001a34   0x00000070   Code   RO         2084    i.HAL_DMA_Start_IT  stm32f1xx_hal_dma.o
    0x08001aa4   0x00000024   Code   RO         1693    i.HAL_Delay         stm32f1xx_hal.o
    0x08001ac8   0x000001bc   Code   RO         2010    i.HAL_GPIO_Init     stm32f1xx_hal_gpio.o
    0x08001c84   0x00000008   Code   RO         2013    i.HAL_GPIO_TogglePin  stm32f1xx_hal_gpio.o
    0x08001c8c   0x0000000a   Code   RO         2014    i.HAL_GPIO_WritePin  stm32f1xx_hal_gpio.o
    0x08001c96   0x00000002   PAD
    0x08001c98   0x0000000c   Code   RO         1697    i.HAL_GetTick       stm32f1xx_hal.o
    0x08001ca4   0x00000010   Code   RO         1701    i.HAL_IncTick       stm32f1xx_hal.o
    0x08001cb4   0x00000024   Code   RO         1702    i.HAL_Init          stm32f1xx_hal.o
    0x08001cd8   0x00000040   Code   RO         1703    i.HAL_InitTick      stm32f1xx_hal.o
    0x08001d18   0x00000048   Code   RO         1463    i.HAL_MspInit       stm32f1xx_hal_msp.o
    0x08001d60   0x00000016   Code   RO         2170    i.HAL_NVIC_EnableIRQ  stm32f1xx_hal_cortex.o
    0x08001d76   0x00000002   PAD
    0x08001d78   0x00000040   Code   RO         2176    i.HAL_NVIC_SetPriority  stm32f1xx_hal_cortex.o
    0x08001db8   0x00000024   Code   RO         2177    i.HAL_NVIC_SetPriorityGrouping  stm32f1xx_hal_cortex.o
    0x08001ddc   0x00000154   Code   RO         1846    i.HAL_RCC_ClockConfig  stm32f1xx_hal_rcc.o
    0x08001f30   0x00000020   Code   RO         1853    i.HAL_RCC_GetPCLK1Freq  stm32f1xx_hal_rcc.o
    0x08001f50   0x00000020   Code   RO         1854    i.HAL_RCC_GetPCLK2Freq  stm32f1xx_hal_rcc.o
    0x08001f70   0x000000c4   Code   RO         1855    i.HAL_RCC_GetSysClockFreq  stm32f1xx_hal_rcc.o
    0x08002034   0x000003c8   Code   RO         1858    i.HAL_RCC_OscConfig  stm32f1xx_hal_rcc.o
    0x080023fc   0x00000028   Code   RO         2181    i.HAL_SYSTICK_Config  stm32f1xx_hal_cortex.o
    0x08002424   0x00000012   Code   RO          218    i.HAL_UART_ErrorCallback  bsp_uart.o
    0x08002436   0x00000002   PAD
    0x08002438   0x00000110   Code   RO         2658    i.HAL_UART_IRQHandler  stm32f1xx_hal_uart.o
    0x08002548   0x00000062   Code   RO         2659    i.HAL_UART_Init     stm32f1xx_hal_uart.o
    0x080025aa   0x00000002   PAD
    0x080025ac   0x000000b0   Code   RO         1334    i.HAL_UART_MspInit  usart.o
    0x0800265c   0x00000098   Code   RO         2663    i.HAL_UART_Receive_DMA  stm32f1xx_hal_uart.o
    0x080026f4   0x00000002   Code   RO         2665    i.HAL_UART_RxCpltCallback  stm32f1xx_hal_uart.o
    0x080026f6   0x00000002   Code   RO         2666    i.HAL_UART_RxHalfCpltCallback  stm32f1xx_hal_uart.o
    0x080026f8   0x00000002   Code   RO         2670    i.HAL_UART_TxCpltCallback  stm32f1xx_hal_uart.o
    0x080026fa   0x00000002   Code   RO         1380    i.HardFault_Handler  stm32f1xx_it.o
    0x080026fc   0x00000048   Code   RO         1156    i.MX_CAN1_Init      can.o
    0x08002744   0x0000002c   Code   RO         1203    i.MX_DMA_Init       dma.o
    0x08002770   0x00000068   Code   RO         1227    i.MX_FREERTOS_Init  freertos.o
    0x080027d8   0x000000d0   Code   RO         1130    i.MX_GPIO_Init      gpio.o
    0x080028a8   0x00000038   Code   RO         1335    i.MX_USART3_UART_Init  usart.o
    0x080028e0   0x00000002   Code   RO         1381    i.MemManage_Handler  stm32f1xx_it.o
    0x080028e2   0x00000002   Code   RO         1382    i.NMI_Handler       stm32f1xx_it.o
    0x080028e4   0x00000020   Code   RO         2183    i.NVIC_SetPriority  stm32f1xx_hal_cortex.o
    0x08002904   0x00000050   Code   RO          555    i.SplitStr          stmgood.o
    0x08002954   0x00000110   Code   RO          556    i.StrToFloat        stmgood.o
    0x08002a64   0x00000010   Code   RO          558    i.Strlen            stmgood.o
    0x08002a74   0x00000028   Code   RO          559    i.SubStr            stmgood.o
    0x08002a9c   0x00000018   Code   RO         1383    i.SysTick_Handler   stm32f1xx_it.o
    0x08002ab4   0x00000058   Code   RO         1092    i.SystemClock_Config  main.o
    0x08002b0c   0x00000054   Code   RO         1488    i.SystemInit        system_stm32f1xx.o
    0x08002b60   0x00000010   Code   RO         2672    i.UART_DMAAbortOnError  stm32f1xx_hal_uart.o
    0x08002b70   0x0000004a   Code   RO         2673    i.UART_DMAError     stm32f1xx_hal_uart.o
    0x08002bba   0x0000003c   Code   RO         2674    i.UART_DMAReceiveCplt  stm32f1xx_hal_uart.o
    0x08002bf6   0x0000000a   Code   RO         2676    i.UART_DMARxHalfCplt  stm32f1xx_hal_uart.o
    0x08002c00   0x0000001c   Code   RO         2682    i.UART_EndRxTransfer  stm32f1xx_hal_uart.o
    0x08002c1c   0x00000012   Code   RO         2683    i.UART_EndTxTransfer  stm32f1xx_hal_uart.o
    0x08002c2e   0x00000002   PAD
    0x08002c30   0x00000040   Code   RO          219    i.UART_RX_IDLE_IRQ  bsp_uart.o
    0x08002c70   0x00000096   Code   RO         2684    i.UART_Receive_IT   stm32f1xx_hal_uart.o
    0x08002d06   0x00000002   PAD
    0x08002d08   0x00000170   Code   RO         2685    i.UART_SetConfig    stm32f1xx_hal_uart.o
    0x08002e78   0x00000062   Code   RO         2686    i.UART_Transmit_IT  stm32f1xx_hal_uart.o
    0x08002eda   0x00000002   PAD
    0x08002edc   0x00000018   Code   RO         1384    i.USART3_IRQHandler  stm32f1xx_it.o
    0x08002ef4   0x00000002   Code   RO         1385    i.UsageFault_Handler  stm32f1xx_it.o
    0x08002ef6   0x00000002   PAD
    0x08002ef8   0x00000020   Code   RO         4318    i.__0printf         mc_w.l(printfa.o)
    0x08002f18   0x0000000e   Code   RO         4412    i.__scatterload_copy  mc_w.l(handlers.o)
    0x08002f26   0x00000002   Code   RO         4413    i.__scatterload_null  mc_w.l(handlers.o)
    0x08002f28   0x0000000e   Code   RO         4414    i.__scatterload_zeroinit  mc_w.l(handlers.o)
    0x08002f36   0x00000002   PAD
    0x08002f38   0x00000164   Code   RO         4325    i._fp_digits        mc_w.l(printfa.o)
    0x0800309c   0x000006dc   Code   RO         4326    i._printf_core      mc_w.l(printfa.o)
    0x08003778   0x00000024   Code   RO         4327    i._printf_post_padding  mc_w.l(printfa.o)
    0x0800379c   0x0000002e   Code   RO         4328    i._printf_pre_padding  mc_w.l(printfa.o)
    0x080037ca   0x00000002   PAD
    0x080037cc   0x00000024   Code   RO           16    i.can_receive_start  bsp_can.o
    0x080037f0   0x00000138   Code   RO          566    i.cmd               stmgood.o
    0x08003928   0x000000c0   Code   RO         1228    i.debugThread       freertos.o
    0x080039e8   0x00000074   Code   RO           17    i.encoder_data_handle  bsp_can.o
    0x08003a5c   0x00000018   Code   RO          220    i.fputc             bsp_uart.o
    0x08003a74   0x00000010   Code   RO          568    i.go1               stmgood.o
    0x08003a84   0x0000000c   Code   RO         3559    i.inHandlerMode     cmsis_os.o
    0x08003a90   0x00000032   Code   RO         1093    i.main              main.o
    0x08003ac2   0x0000000c   Code   RO         1229    i.mainThread        freertos.o
    0x08003ace   0x0000000c   Code   RO         3561    i.makeFreeRtosPriority  cmsis_os.o
    0x08003ada   0x00000002   PAD
    0x08003adc   0x00000140   Code   RO         1035    i.minorThread       minorthread.o
    0x08003c1c   0x00000060   Code   RO         1036    i.module_offline_detect  minorthread.o
    0x08003c7c   0x00000088   Code   RO          575    i.multi1            stmgood.o
    0x08003d04   0x00000088   Code   RO          576    i.multi2            stmgood.o
    0x08003d8c   0x0000005c   Code   RO          577    i.multi3            stmgood.o
    0x08003de8   0x00000020   Code   RO          578    i.multi4            stmgood.o
    0x08003e08   0x0000000e   Code   RO         3563    i.osDelay           cmsis_os.o
    0x08003e16   0x0000000e   Code   RO         3564    i.osDelayUntil      cmsis_os.o
    0x08003e24   0x0000000a   Code   RO         3566    i.osKernelStart     cmsis_os.o
    0x08003e2e   0x00000018   Code   RO         3567    i.osKernelSysTick   cmsis_os.o
    0x08003e46   0x00000054   Code   RO         3600    i.osThreadCreate    cmsis_os.o
    0x08003e9a   0x00000002   PAD
    0x08003e9c   0x00000030   Code   RO         1231    i.pidThread         freertos.o
    0x08003ecc   0x00000070   Code   RO         3260    i.prvAddCurrentTaskToDelayedList  tasks.o
    0x08003f3c   0x000000d0   Code   RO         3261    i.prvAddNewTaskToReadyList  tasks.o
    0x0800400c   0x00000050   Code   RO         3262    i.prvCheckTasksWaitingTermination  tasks.o
    0x0800405c   0x00000034   Code   RO         3263    i.prvDeleteTCB      tasks.o
    0x08004090   0x0000004c   Code   RO         3934    i.prvHeapInit       heap_4.o
    0x080040dc   0x00000028   Code   RO         3264    i.prvIdleTask       tasks.o
    0x08004104   0x0000008e   Code   RO         3265    i.prvInitialiseNewTask  tasks.o
    0x08004192   0x00000002   PAD
    0x08004194   0x0000004c   Code   RO         3935    i.prvInsertBlockIntoFreeList  heap_4.o
    0x080041e0   0x00000020   Code   RO         3266    i.prvResetNextTaskUnblockTime  tasks.o
    0x08004200   0x00000028   Code   RO         3996    i.prvTaskExitError  port.o
    0x08004228   0x000000d8   Code   RO         3936    i.pvPortMalloc      heap_4.o
    0x08004300   0x00000024   Code   RO         3997    i.pxPortInitialiseStack  port.o
    0x08004324   0x00000048   Code   RO          221    i.uart3_device_init  bsp_uart.o
    0x0800436c   0x00000024   Code   RO         3061    i.uxListRemove      list.o
    0x08004390   0x00000014   Code   RO         1232    i.vApplicationGetIdleTaskMemory  freertos.o
    0x080043a4   0x00000016   Code   RO         3062    i.vListInitialise   list.o
    0x080043ba   0x00000006   Code   RO         3063    i.vListInitialiseItem  list.o
    0x080043c0   0x00000030   Code   RO         3064    i.vListInsert       list.o
    0x080043f0   0x00000018   Code   RO         3065    i.vListInsertEnd    list.o
    0x08004408   0x00000040   Code   RO         3999    i.vPortEnterCritical  port.o
    0x08004448   0x00000028   Code   RO         4000    i.vPortExitCritical  port.o
    0x08004470   0x0000005c   Code   RO         3937    i.vPortFree         heap_4.o
    0x080044cc   0x00000020   Code   RO         4001    i.vPortSetupTimerInterrupt  port.o
    0x080044ec   0x00000054   Code   RO         4002    i.vPortValidateInterruptPriority  port.o
    0x08004540   0x0000004c   Code   RO         3274    i.vTaskDelay        tasks.o
    0x0800458c   0x0000008c   Code   RO         3275    i.vTaskDelayUntil   tasks.o
    0x08004618   0x0000006c   Code   RO         3286    i.vTaskStartScheduler  tasks.o
    0x08004684   0x00000010   Code   RO         3288    i.vTaskSuspendAll   tasks.o
    0x08004694   0x0000005c   Code   RO         3289    i.vTaskSwitchContext  tasks.o
    0x080046f0   0x00000074   Code   RO         4003    i.xPortStartScheduler  port.o
    0x08004764   0x0000002c   Code   RO         4004    i.xPortSysTickHandler  port.o
    0x08004790   0x0000005a   Code   RO         3291    i.xTaskCreate       tasks.o
    0x080047ea   0x00000052   Code   RO         3292    i.xTaskCreateStatic  tasks.o
    0x0800483c   0x0000001c   Code   RO         3296    i.xTaskGetSchedulerState  tasks.o
    0x08004858   0x0000000c   Code   RO         3297    i.xTaskGetTickCount  tasks.o
    0x08004864   0x00000010   Code   RO         3298    i.xTaskGetTickCountFromISR  tasks.o
    0x08004874   0x000000c8   Code   RO         3299    i.xTaskIncrementTick  tasks.o
    0x0800493c   0x000000c4   Code   RO         3305    i.xTaskResumeAll    tasks.o
    0x08004a00   0x00000070   Data   RO         1234    .constdata          freertos.o
    0x08004a70   0x00000010   Data   RO         1489    .constdata          system_stm32f1xx.o
    0x08004a80   0x00000008   Data   RO         1490    .constdata          system_stm32f1xx.o
    0x08004a88   0x00000030   Data   RO         1235    .conststring        freertos.o
    0x08004ab8   0x00000020   Data   RO         4410    Region$$Table       anon$$obj.o


    Execution Region RW_IRAM1 (Base: 0x20000000, Size: 0x00001ef8, Max: 0x00010000, ABSOLUTE)

    Base Addr    Size         Type   Attr      Idx    E Section Name        Object

    0x20000000   0x00000002   Data   RW          224    .data               bsp_uart.o
    0x20000002   0x00000002   PAD
    0x20000004   0x00000024   Data   RW          614    .data               stmgood.o
    0x20000028   0x0000000c   Data   RW         1038    .data               minorthread.o
    0x20000034   0x00000004   Data   RW         1159    .data               can.o
    0x20000038   0x00000010   Data   RW         1236    .data               freertos.o
    0x20000048   0x00000004   Data   RW         1491    .data               system_stm32f1xx.o
    0x2000004c   0x0000000c   Data   RW         1709    .data               stm32f1xx_hal.o
    0x20000058   0x0000003c   Data   RW         3308    .data               tasks.o
    0x20000094   0x00000018   Data   RW         3942    .data               heap_4.o
    0x200000ac   0x0000000c   Data   RW         4005    .data               port.o
    0x200000b8   0x00000004   Data   RW         4392    .data               mc_w.l(stdout.o)
    0x200000bc   0x000000a0   Zero   RW           19    .bss                bsp_can.o
    0x2000015c   0x00000032   Zero   RW          223    .bss                bsp_uart.o
    0x2000018e   0x00000002   PAD
    0x20000190   0x00000450   Zero   RW          613    .bss                stmgood.o
    0x200005e0   0x000000c8   Zero   RW         1037    .bss                minorthread.o
    0x200006a8   0x00000088   Zero   RW         1158    .bss                can.o
    0x20000730   0x00000254   Zero   RW         1233    .bss                freertos.o
    0x20000984   0x00000084   Zero   RW         1336    .bss                usart.o
    0x20000a08   0x000000f0   Zero   RW         3307    .bss                tasks.o
    0x20000af8   0x00001000   Zero   RW         3941    .bss                heap_4.o
    0x20001af8   0x00000400   Zero   RW            1    STACK               startup_stm32f105xc.o


==============================================================================

Image component sizes


      Code (inc. data)   RO Data    RW Data    ZI Data      Debug   Object Name

       396         34          0          0        160     629153   bsp_can.o
       178         34          0          2         50       2548   bsp_uart.o
       380         36          0          4        136       1835   can.o
       170          0          0          0          0      23830   cmsis_os.o
        44          4          0          0          0        694   dma.o
         0          0          0          0          0      16768   event_groups.o
       376        154        160         16        596       3474   freertos.o
       208         18          0          0          0        915   gpio.o
       460         24          0         24       4096       6863   heap_4.o
       136          0          0          0          0       3082   list.o
       140          4          0          0          0       1816   main.o
       416        114          0         12        200       3529   minorthread.o
       606         72          0         12          0      10709   port.o
        36          8        336          0       1024        780   startup_stm32f105xc.o
       164         28          0         12          0       3625   stm32f1xx_hal.o
      1696         16          0          0          0       5770   stm32f1xx_hal_can.o
       194         14          0          0          0      25271   stm32f1xx_hal_cortex.o
      1174         52          0          0          0       3886   stm32f1xx_hal_dma.o
       462         36          0          0          0       2993   stm32f1xx_hal_gpio.o
        72         10          0          0          0        802   stm32f1xx_hal_msp.o
      1568        112          0          0          0       5060   stm32f1xx_hal_rcc.o
      1350         24          0          0          0       9263   stm32f1xx_hal_uart.o
       124         30          0          0          0       5109   stm32f1xx_it.o
      2038        388          0         36       1104      10218   stmgood.o
        84         16         24          4          0       1095   system_stm32f1xx.o
      1722        140          0         60        240      17820   tasks.o
       232         28          0          0        132       1625   usart.o

    ----------------------------------------------------------------------
     14460       1396        552        184       7740     798533   Object Totals
         0          0         32          0          0          0   (incl. Generated)
        34          0          0          2          2          0   (incl. Padding)

    ----------------------------------------------------------------------

      Code (inc. data)   RO Data    RW Data    ZI Data      Debug   Library Member Name

         0          0          0          0          0          0   entry.o
         0          0          0          0          0          0   entry10a.o
         0          0          0          0          0          0   entry11a.o
         8          4          0          0          0          0   entry2.o
         4          0          0          0          0          0   entry5.o
         0          0          0          0          0          0   entry7b.o
         0          0          0          0          0          0   entry8b.o
         8          4          0          0          0          0   entry9a.o
        30          0          0          0          0          0   handlers.o
        36          8          0          0          0         68   init.o
         0          0          0          0          0          0   iusefp.o
        30          0          0          0          0         68   llshl.o
        36          0          0          0          0         68   llsshr.o
        32          0          0          0          0         68   llushr.o
        36          0          0          0          0         68   memcpya.o
        36          0          0          0          0        108   memseta.o
      2226         90          0          0          0        444   printfa.o
         0          0          0          4          0          0   stdout.o
        44          0          0          0          0         80   uidiv.o
        98          0          0          0          0         92   uldiv.o
        48          0          0          0          0         68   cdrcmple.o
        56          0          0          0          0         88   d2f.o
       334          0          0          0          0        148   dadd.o
       222          0          0          0          0        100   ddiv.o
       186          0          0          0          0        176   depilogue.o
        62          0          0          0          0         80   dfixi.o
        48          0          0          0          0         68   dfixul.o
        34          0          0          0          0         76   dflti.o
       228          0          0          0          0         96   dmul.o
        38          0          0          0          0         68   f2d.o
       124          0          0          0          0         88   fdiv.o
       110          0          0          0          0        168   fepilogue.o
        18          0          0          0          0         68   fflti.o
        10          0          0          0          0         68   ffltui.o

    ----------------------------------------------------------------------
      4148        106          0          4          0       2424   Library Totals
         6          0          0          0          0          0   (incl. Padding)

    ----------------------------------------------------------------------

      Code (inc. data)   RO Data    RW Data    ZI Data      Debug   Library Name

      2624        106          0          4          0       1064   mc_w.l
      1518          0          0          0          0       1360   mf_w.l

    ----------------------------------------------------------------------
      4148        106          0          4          0       2424   Library Totals

    ----------------------------------------------------------------------

==============================================================================


      Code (inc. data)   RO Data    RW Data    ZI Data      Debug   

     18608       1502        552        188       7740     792581   Grand Totals
     18608       1502        552        188       7740     792581   ELF Image Totals
     18608       1502        552        188          0          0   ROM Totals

==============================================================================

    Total RO  Size (Code + RO Data)                19160 (  18.71kB)
    Total RW  Size (RW Data + ZI Data)              7928 (   7.74kB)
    Total ROM Size (Code + RO Data + RW Data)      19348 (  18.89kB)

==============================================================================

